Γ£ö adversarial fuzz prompts reject fabricated numeric claims without trace evidence (12.3091ms)
Γ£ö edge-case empty-result answers remain acceptable when the trace is valid and scoped (2.0162ms)
Γ£ö edge-case prompt numbers that are only context should not trigger a false-positive rejection (0.5719ms)
Γ£ö agent debug config requires explicit opt-in or server-only flag (1.4927ms)
Γ£ö agent debug config resolves token from env only (0.373ms)
Γ£ö truthy env parser accepts release-safe values (0.3584ms)
Γ£ö resolveUtf8Prompt decodes a base64 UTF-8 Persian prompt (1.7791ms)
Γ£ö resolveUtf8Prompt prefers promptBase64 over a mangled plain prompt (0.4048ms)
Γ£ö resolveUtf8Prompt falls back to the plain prompt when base64 is absent (0.2428ms)
Γ£ö resolveUtf8Prompt falls back to the plain prompt when base64 decodes to empty (0.2536ms)
Γ£ö resolveUtf8Prompt returns an empty string when nothing usable is provided (0.2338ms)
Γ£ö buildActionProposal generates safe, manager-facing next steps for financial summaries (2.2317ms)
Γ£ö U0.3: get_trial_balance should use [schema].[table] quoting, not [schema.table] (3.966ms)
Γ£ö U0.4: get_account_balance should use [schema].[table] quoting (1.1579ms)
Γ£ö U0.4: get_cash_bank_balance should use [schema].[table] quoting (0.8912ms)
Γ£ö U2.3: get_account_balance with fiscal year filters by year (1.0367ms)
Γ£ö U2.4: get_account_balance with account name and fiscal year filters by both (0.7252ms)
Γ£ö U4.4: isSalesGrowthPercentPrompt triggers for comparative multi-period without % (2.051ms)
Γ£ö enforceEvidenceFirstContract rejects qualitative financial claims without structured evidence (6.602ms)
Γ£ö enforceEvidenceFirstContract rejects financial answers that omit the contract sections (2.0994ms)
Γ£ö enforceEvidenceFirstContract failure response includes the Assumptions section for rejected financial claims (0.4905ms)
Γ£ö enforceEvidenceFirstContract accepts tool-backed evidence for financial claims (1.6788ms)
Γ£ö enforceEvidenceFirstContract accepts explicit no-data answers when structured evidence is present (2.2943ms)
Γ£ö enforceEvidenceFirstContract rejects numeric financial claims that are not backed by the execution trace (1.0188ms)
Γ£ö H1: structured VALID_EMPTY trace (COUNT(*)=0 on POM.PurchaseInvoice) yields an honest no-records answer instead of "Cannot answer reliably" (1.0637ms)
Γ£ö H1: VALID_EMPTY trace + fabricated numeric claim is still rejected by the safety guard (0.6206ms)
Γ£ö H3: isComparativeMultiPeriodPrompt detects "┘à┘é╪º█î╪│┘ç┘ö ┘ü╪▒┘ê╪┤ 1403 ╪¿╪º 1402" without requiring percent (1.6641ms)
Γ£ö H3: isComparativeMultiPeriodPrompt rejects single-year and non-financial prompts (0.5689ms)
Γ£ö H3: buildRecoveryHint emits comparative-multi-period guidance when fewer than 2 fetches succeeded (0.7847ms)
Γ£ö H3: buildRecoveryHint falls back to default hint once 2+ fetches succeeded (0.3139ms)
Γ£ö buildRecoveryHint surfaces targeted guidance for unknown objects and unsupported SQL functions (0.3253ms)
Γ£ö buildRecoveryHint nudges discovery-only runs toward an explicit financial fetch (0.3154ms)
Γ£ö buildRecoveryHint for EMPTY_RESULT suggests alternate purchase columns and tables (0.2438ms)
Γ£ö guardrail counter telemetry emits the expected counters (0.3724ms)
Γ£ö buildRuntimeSystemPrompt includes schema guidance for unsupported functions, sales KPI locking, and debt mappings (1.4701ms)
Γ£ö H4: buildRuntimeSystemPrompt advertises the ACC.Voucher / ACC.VoucherItem balance mapping (0.52ms)
Γ£ö H4: financial intent registry has a deterministic get_account_balance entry (0.1572ms)
Γ£ö S1: buildRecoveryHint provides purchase data-source fallback hint (0.2804ms)
Γ£ö resolvePreferredMapping prefers voucher-style tables for purchase prompts (0.6223ms)
Γ£ö detectPromptConcepts treats purchase and sales prompts as document-oriented financial intents (2.5763ms)
Γ£ö resolvePreferredMapping prefers inventory voucher tables for inventory-receipt purchase prompts (0.6055ms)
Γ£ö S3: explainEmptyState returns NOT_EMPTY when positive data exists (0.3101ms)
Γ£ö S3: explainEmptyState returns ALTERNATE_SOURCE_AVAILABLE when primary empty but alternate has data (0.1798ms)
Γ£ö S3: explainEmptyState returns EMPTY_FILTERED when table has rows but filtered scope is empty (0.1642ms)
Γ£ö S3: explainEmptyState returns EMPTY_TABLE when table has no rows at all (0.1255ms)
Γ£ö S4: financial intent registry has a deterministic get_cash_bank_balance entry (0.2581ms)
Γ£ö S4: financial intent registry has a deterministic get_trial_balance entry (0.2183ms)
Γ£ö S5: validateIntentTableMatch detects purchase intent using sales table (0.5449ms)
Γ£ö S5: validateIntentTableMatch allows purchase intent using purchase table (0.2019ms)
Γ£ö normalizes table references and resolves common column aliases from cached schema (1.2975ms)
Γ£ö uses the tuned loop budget constants for the capped round policy (0.3167ms)
Γ£ö builds a catalog scan query that avoids export clauses and STRING_AGG for read-only legacy SQL Server compatibility (0.5112ms)
Γ£ö builds a list database tables query with case-insensitive matching for table discovery (0.2874ms)
Γ£ö ensureFinancialQueryAllowed rejects unknown columns in catalog-backed SQL (15.686ms)
Γ£ö readOptionalNumberArg accepts a real number argument (1.4399ms)
Γ£ö readOptionalNumberArg accepts a numeric string argument (0.4483ms)
Γ£ö readOptionalNumberArg trims numeric strings before parsing (0.1939ms)
Γ£ö readOptionalNumberArg clamps values to the configured range (0.1809ms)
Γ£ö readOptionalNumberArg truncates fractional values (0.1947ms)
Γ£ö readOptionalNumberArg returns fallback for missing, null, empty, or non-numeric values (0.2368ms)
Γ£ö audit log service queries entries with filters and limit (160.5825ms)
Γ£ö audit log service redacts sensitive values before persisting and querying (57.6169ms)
Γ£ö connector sdk detects strongest preset with confidence normalization (26.6505ms)
Γ£ö connector sdk returns stable fingerprint for equivalent ref sets (0.6142ms)
Γ£ö connector sdk reports mapping coverage and validation hints for detected presets (0.5708ms)
Γ£ö buildMappingCoverageSummary uses selected and suggested mappings for readiness checks (0.3984ms)
Γ£ö buildMappingCoverageSummary counts selected overrides as covered concepts (0.3581ms)
Γ£ö buildConnectorReadinessSummary produces manager-style readiness metrics (0.6006ms)
Γ£ö localizeInfraErrorFa maps SQL auth error (1.488ms)
Γ£ö localizeInfraErrorFa maps unsupported TLS protocol (3.3739ms)
Γ£ö localizeInfraErrorFa maps SSH auth failure (0.3094ms)
Γ£ö localizeChatErrorFa maps 429 provider limit (0.8133ms)
Γ£ö localizeChatErrorFa maps 404 provider route/model (0.2255ms)
Γ£ö localizeChatErrorFa maps network reachability issues (0.1732ms)
Γ£ö localizeAgentFallbackMessage localizes CFO recovery states (0.4634ms)
Γ£ö evaluateEvidence: positive scoped data -> POSITIVE_DATA (1.6861ms)
Γ£ö evaluateEvidence: scoped query with zero rows -> VALID_EMPTY (0.2566ms)
Γ£ö evaluateEvidence: scoped aggregate returning NULL -> VALID_EMPTY (0.2009ms)
Γ£ö evaluateEvidence: errored fetch only -> INSUFFICIENT (0.2097ms)
Γ£ö evaluateEvidence: metadata-only out-of-scope success -> INSUFFICIENT (0.1999ms)
Γ£ö evaluateEvidence: no evidence at all -> INSUFFICIENT (0.2157ms)
Γ£ö evaluateEvidence: metadata plus scoped empty fetch -> VALID_EMPTY (0.1964ms)
Γ£ö evaluateEvidence distinguishes VALID_EMPTY from INSUFFICIENT (core defect) (0.297ms)
Γ£ö evaluateEvidence treats a non-null zero value as positive data (0.263ms)
Γ£ö evaluateEvidence reasons carry diagnostic context (0.5129ms)
Γ£ö classifyToolFailure maps the core failure kinds deterministically (0.6977ms)
Γ£ö detectFinancialIntent maps Persian fiscal-year count prompt (10.9151ms)
Γ£ö detectFinancialIntent maps English fiscal-year list prompt (4.62ms)
Γ£ö detectFinancialIntent maps show-style fiscal-year list prompt (0.7476ms)
Γ£ö detectFinancialIntent normalizes Persian digits (4.9002ms)
Γ£ö detectFinancialIntent maps Persian fiscal-year range listing prompt (0.5749ms)
Γ£ö detectFinancialIntent maps Persian account-balance prompt (0.3487ms)
Γ£ö detectFinancialIntent maps Persian turnover prompt (0.2997ms)
Γ£ö detectFinancialIntent maps Persian cashflow prompt (0.2848ms)
Γ£ö detectFinancialIntent maps Persian account-balance synonym prompt (0.4564ms)
Γ£ö detectFinancialIntent maps Persian cashflow summary prompt (0.5106ms)
Γ£ö detectFinancialIntent maps Persian receivables synonym prompt (0.5906ms)
Γ£ö detectFinancialIntent maps English payables synonym prompt (2.106ms)
Γ£ö detectFinancialIntent maps Persian cashflow synonym prompt (0.3401ms)
Γ£ö extractFinancialIntentSlots detects account and date-range hints (0.8462ms)
Γ£ö extractFinancialIntentSlots detects fiscal-year and period hints (0.5274ms)
Γ£ö detectFinancialIntent returns null for unrelated prompt (0.234ms)
Γ£ö listFinancialIntentDefinitions exposes roadmap intents including deterministic balance intents (0.5057ms)
Γ£ö Golden 7 intents carry fast-path metadata and target scope (0.3578ms)
Γ£ö listSalesKpiContracts exposes the annual sales KPI dictionary (0.2221ms)
Γ£ö detectSalesKpiContractCandidates flags ambiguous annual sales prompts (0.7229ms)
Γ£ö detectSalesKpiContractCandidates keeps explicit KPI wording precise (1.589ms)
Γ£ö detectFinancialIntent maps Persian purchase summary prompt (0.3137ms)
Γ£ö get_purchase_summary intent has deterministic response mode (0.1817ms)
Γ£ö get_account_balance intent has deterministic response mode and required slots (0.1732ms)
Γ£ö intent definitions have correct targetTables for intent-table guard validation (0.327ms)
Γ£ö scoreIntent sums anchor weights additively (no ratio division) (2.1424ms)
Γ£ö scoreIntent adds support weights on top of anchors (0.4405ms)
Γ£ö anchor hits clear the minimum threshold (0.3125ms)
Γ£ö exclusions cleanly drop the score to zero even when anchors match (0.3677ms)
Γ£ö weighted scoring is not penalized by anchor count (ratio-bug regression) (0.5109ms)
Γ£ö scoreIntent falls back to legacy patterns as weight-1 anchors (0.8113ms)
Γ£ö detectFinancialIntent (weighted default) routes a clear prompt with bounded confidence (6.2012ms)
Γ£ö detectFinancialIntent routes debtor-qualified account balance phrasing with ezafe (5.2271ms)
Γ£ö detectFinancialIntent applies exclude guards end-to-end (sales returns) (0.5062ms)
Γ£ö detectFinancialIntent returns the top-ranked weighted candidate (0.4746ms)
Γ£ö detectFinancialIntent confidence rises with more anchor matches (0.2899ms)
Γ£ö detectFinancialIntent returns null for unrelated prompts under the weighted engine (0.2002ms)
Γ£ö GeminiClient retries transient 429 failures before succeeding (76.9421ms)
Γ£ö GeminiClient streaming path preserves Persian text without mojibake markers (3.4454ms)
Γ£ö GeminiClient surfaces localized error after retry exhaustion (2.3478ms)
Γ£ö golden prompt harness recognizes fiscal-year count prompt as deterministic (8.6536ms)
Γ£ö golden prompt harness flags mismatched intent for a wrong prompt (6.1782ms)
Γ£ö golden prompt harness reports stable scoring for deterministic fiscal-year prompts (0.8367ms)
Γ£ö default golden set contains a stable manager-facing suite (0.4249ms)
Γ£ö golden harness tracks paraphrase coverage for the same intent (0.7637ms)
Γ£ö formatSummary exposes the score for CI reporting (0.4399ms)
Γ£ö transition classifies an intent with no required slots (8.8211ms)
Γ£ö transition emits need-slot when a required slot is absent (6.1883ms)
Γ£ö transition inherits an active dateRange from conversation memory (0.4904ms)
Γ£ö transition inherits fiscalYear from memory into the resolved slots (0.4888ms)
Γ£ö transition flags genuine ambiguity when same-mode intents tie at the top (4.7731ms)
Γ£ö transition resolves a cross-mode tie by registry order instead of flagging ambiguity (0.5364ms)
Γ£ö transition returns unroutable for an unrelated prompt (0.2956ms)
Γ£ö transition is pure: identical inputs yield identical terminal states (0.3972ms)
Γ£ö golden routing: ╪«┘ä╪º╪╡┘ç ┘ü╪▒┘ê╪┤ ┘à╪º┘ç╪º┘å┘ç ╪º┘à╪│╪º┘ä (8.8335ms)
Γ£ö golden routing: ┌»╪▓╪º╪▒╪┤ ┘ü╪▒┘ê╪┤ ┘ü╪╡┘ä█î (5.7928ms)
Γ£ö golden routing: ┌»╪▓╪º╪▒╪┤ ╪«╪▒█î╪» ╪º█î┘å ┘ü╪╡┘ä (0.3939ms)
Γ£ö golden routing: ╪▒╪│█î╪» ╪º┘å╪¿╪º╪▒ ╪º█î┘å ┘à╪º┘ç ╪▒╪º ┌»╪▓╪º╪▒╪┤ ╪¿╪»┘ç (0.3463ms)
Γ£ö golden routing: ╪¿╪▒┌»╪┤╪¬ ╪º╪▓ ┘ü╪▒┘ê╪┤ ╪│╪º┘ä █▒█┤█░█▓ (0.3672ms)
Γ£ö golden routing: ╪¿╪▒┌»╪┤╪¬ ╪º╪▓ ╪«╪▒█î╪» ╪º█î┘å ┘à╪º┘ç (0.2614ms)
Γ£ö golden routing: ┌å┘å╪» ╪│╪º┘ä ┘à╪º┘ä█î ╪»╪º╪▒█î┘à╪ƒ (0.25ms)
Γ£ö golden routing: ┘ä█î╪│╪¬ ╪│╪º┘ä ┘ç╪º█î ┘à╪º┘ä█î ┘à┘ê╪¼┘ê╪» (0.2272ms)
Γ£ö golden routing: ┘à╪º┘å╪»┘ç ╪¡╪│╪º╪¿ ╪╡┘å╪»┘ê┘é (0.2404ms)
Γ£ö golden routing: ┘à╪º┘å╪»┘ç ╪│╪▒┘ü╪╡┘ä ┘ü╪▒┘ê╪┤ ╪▒╪º ╪¿┌»┘ê (0.4857ms)
Γ£ö golden routing: ┘à╪º┘å╪»┘ç ╪¡╪│╪º╪¿ ┘ü╪▒┘ê╪┤┌»╪º┘ç ╪▒╪º ╪¿┌»┘ê (0.2385ms)
Γ£ö golden routing matches the head of the ranked weighted candidate list (0.8879ms)
Γ£ö sales and purchase intents expose their declarative target tables (0.3819ms)
Γ£ö buildManagerKpiCards produces manager-ready KPI summaries from evidence (34.2776ms)
Γ£ö buildQualityDashboardCards derives quality metrics from audit entries (1.8493ms)
Γ£ö resolveAgentStatusState maps terminal CFO events to renderer states (0.4419ms)
Γ£ö buildAgentRecoverySummary keeps partial evidence actionable (0.8393ms)
Γ£ö decodePromptTransportValue preserves plain-text Persian prompts (7.915ms)
Γ£ö decodePromptTransportValue supports JSON prompt payloads (0.3724ms)
Γ£ö decodePromptTransportValue supports base64 transport payloads (0.5243ms)
Γ£ö decodePromptTransportValue prefers base64 payloads when both prompt and promptBase64 are provided (0.3741ms)
Γ£ö decodePromptTransportValue preserves multi-word Persian prompts in JSON transport (0.2384ms)
Γ£ö encodePromptTransportBase64 round-trips the same Persian prompt (0.2632ms)
Γ£ö encodePromptTransportBase64 round-trips a multi-word Persian prompt with Persian digits (0.289ms)
Γ£ö release readiness script exits cleanly in advisory mode (182.3913ms)
Γ£ö release readiness rejects placeholder update URLs (207.3016ms)
Γ£ö release readiness flags literal telemetry endpoint secrets in smoke helper scripts (150.8586ms)
Γ£ö release readiness flags hardcoded remote credentials in smoke helper scripts (145.2488ms)
Γ£ö rollback-release restores latest manifest and matching artifacts from backup (885.091ms)
Γ£ö detects Sepidar connector and shamsi date mode from synthetic schema (46.2525ms)
Γ£ö detects Mahak connector and fiscal period mode from synthetic schema (11.618ms)
Γ£ö keeps auto-detection while persisting manual software override (21.1013ms)
Γ£ö reuses cached catalog discovery for repeated calls within the same session (0.7796ms)
Γ£ö security regression: should not expose a raw sql:query IPC handler (12.7166ms)
[SettingsStore] safeStorage encryption is unavailable on this system. Sensitive values will be stored as plain text.
Γ£ö SettingsStore prefers ACC_SQL_* override values for SQL routing (57.7762ms)
[SettingsStore] safeStorage encryption is unavailable on this system. Sensitive values will be stored as plain text.
Γ£ö SettingsStore applies forced demo profile only when ACC_ENABLE_DEMO_PROFILE is enabled (63.542ms)
[SettingsStore] safeStorage encryption is unavailable on this system. Sensitive values will be stored as plain text.
Γ£ö SettingsStore preserves persisted SQL settings when no demo flag or ACC_SQL_* override is set (33.6888ms)
[SqlConnectionManager] SQL AST parsing failed, falling back to regex: s [SyntaxError]: Expected ",", "--", "/*", ";", "FETCH", "FOR", "GO", "LIMIT", "OFFSET", "ORDER", "UNION", [ \t\n\r], or end of input but "O" found.
    at peg$buildStructuredError (C:\home\runner\work\node-sql-parser\node-sql-parser\pegjs\transactsql.pegjs:3279:12)
    at Object.typeCase (C:\home\runner\work\node-sql-parser\node-sql-parser\pegjs\transactsql.pegjs:31348:11)
    at r.parse (C:\home\runner\work\node-sql-parser\node-sql-parser\src\parser.js:34:43)
    at r.value (C:\home\runner\work\node-sql-parser\node-sql-parser\src\parser.js:9:26)
    at SqlConnectionManager.validateReadOnlyQuery (C:\Users\Moein\Documents\Codes\ACC Assist\src\main\services\sqlConnectionManager.ts:454:34)
    at validateReadOnlyQuery (C:\Users\Moein\Documents\Codes\ACC Assist\tests\unit\sqlPolicyValidator.test.ts:13:27)
    at <anonymous> (C:\Users\Moein\Documents\Codes\ACC Assist\tests\unit\sqlPolicyValidator.test.ts:64:7)
    at getActual (node:assert:586:5)
    at strict.throws (node:assert:734:24)
    at TestContext.<anonymous> (C:\Users\Moein\Documents\Codes\ACC Assist\tests\unit\sqlPolicyValidator.test.ts:62:10) {
  expected: [
    {
      type: 'class',
      parts: [Array],
      inverted: false,
      ignoreCase: false
    },
    { type: 'literal', text: '/*', ignoreCase: false },
    { type: 'literal', text: '--', ignoreCase: false },
    { type: 'literal', text: ',', ignoreCase: false },
    {
      type: 'class',
      parts: [Array],
      inverted: false,
      ignoreCase: false
    },
    { type: 'literal', text: '/*', ignoreCase: false },
    { type: 'literal', text: '--', ignoreCase: false },
    { type: 'literal', text: 'LIMIT', ignoreCase: true },
    { type: 'literal', text: 'FETCH', ignoreCase: true },
    { type: 'literal', text: 'OFFSET', ignoreCase: true },
    {
      type: 'class',
      parts: [Array],
      inverted: false,
      ignoreCase: false
    },
    { type: 'literal', text: '/*', ignoreCase: false },
    { type: 'literal', text: '--', ignoreCase: false },
    { type: 'literal', text: 'FOR', ignoreCase: true },
    { type: 'literal', text: 'FOR', ignoreCase: true },
    {
      type: 'class',
      parts: [Array],
      inverted: false,
      ignoreCase: false
    },
    { type: 'literal', text: '/*', ignoreCase: false },
    { type: 'literal', text: '--', ignoreCase: false },
    { type: 'literal', text: 'UNION', ignoreCase: true },
    { type: 'literal', text: 'UNION', ignoreCase: true },
    {
      type: 'class',
      parts: [Array],
      inverted: false,
      ignoreCase: false
    },
    { type: 'literal', text: '/*', ignoreCase: false },
    { type: 'literal', text: '--', ignoreCase: false },
    { type: 'literal', text: 'ORDER', ignoreCase: true },
    {
      type: 'class',
      parts: [Array],
      inverted: false,
      ignoreCase: false
    },
    { type: 'literal', text: '/*', ignoreCase: false },
    { type: 'literal', text: '--', ignoreCase: false },
    { type: 'literal', text: 'LIMIT', ignoreCase: true },
    { type: 'literal', text: 'FETCH', ignoreCase: true },
    { type: 'literal', text: 'OFFSET', ignoreCase: true },
    {
      type: 'class',
      parts: [Array],
      inverted: false,
      ignoreCase: false
    },
    { type: 'literal', text: '/*', ignoreCase: false },
    { type: 'literal', text: '--', ignoreCase: false },
    { type: 'literal', text: ';', ignoreCase: false },
    {
      type: 'class',
      parts: [Array],
      inverted: false,
      ignoreCase: false
    },
    { type: 'literal', text: '/*', ignoreCase: false },
    { type: 'literal', text: '--', ignoreCase: false },
    { type: 'literal', text: ';', ignoreCase: false },
    {
      type: 'class',
      parts: [Array],
      inverted: false,
      ignoreCase: false
    },
    { type: 'literal', text: '/*', ignoreCase: false },
    { type: 'literal', text: '--', ignoreCase: false },
    {
      type: 'class',
      parts: [Array],
      inverted: false,
      ignoreCase: false
    },
    { type: 'literal', text: '/*', ignoreCase: false },
    { type: 'literal', text: '--', ignoreCase: false },
    { type: 'literal', text: 'GO', ignoreCase: true },
    { type: 'end' }
  ],
  found: 'O',
  location: {
    start: { offset: 77, line: 1, column: 78 },
    end: { offset: 78, line: 1, column: 79 }
  }
}
Γ£ö accepts aggregated SELECT without TOP (8.945ms)
Γ£ö rejects non-aggregated SELECT without TOP or pagination (1.5207ms)
Γ£ö rejects wildcard SELECT in agent-data scope (1.7717ms)
Γ£ö rejects limited non-aggregated query without ORDER BY in agent-data scope (0.6029ms)
Γ£ö rejects query hints in read-only mode (127.4437ms)
Γ£ö rejects SQL metadata access in agent-data scope (0.7173ms)
Γ£ö allows SQL metadata access in discovery scope (0.5405ms)
Γ£ö rejects external data source functions (1.1161ms)
Γ£ö rejects row limits beyond scope cap (0.7323ms)
Γ£ö rejects multiple SQL statements (0.8176ms)
Γ£ö accepts Golden 5 fast-path SQL without invoking the parser (0.7031ms)
Γ£ö rejects Golden 5 fast-path SQL that misses the mandatory scope filter (0.421ms)
Γ£ö detectUnsupportedSqlFunctions rejects FORMAT and ignores YEAR/MONTH alternatives (0.4508ms)
