
> acc-assist@1.0.0 test
> npm run test:unit && npm run test:integration


> acc-assist@1.0.0 test:unit
> tsx --test tests/unit/**/*.test.ts

Γ£ö adversarial fuzz prompts reject fabricated numeric claims without trace evidence (16.0331ms)
Γ£ö edge-case empty-result answers remain acceptable when the trace is valid and scoped (1.5728ms)
Γ£ö edge-case prompt numbers that are only context should not trigger a false-positive rejection (0.4983ms)
Γ£ö agent debug config requires explicit opt-in or server-only flag (3.061ms)
Γ£ö agent debug config resolves token from env only (0.364ms)
Γ£ö truthy env parser accepts release-safe values (0.2793ms)
Γ£ö resolveUtf8Prompt decodes a base64 UTF-8 Persian prompt (23.7403ms)
Γ£ö resolveUtf8Prompt prefers promptBase64 over a mangled plain prompt (0.4808ms)
Γ£ö resolveUtf8Prompt falls back to the plain prompt when base64 is absent (0.2379ms)
Γ£ö resolveUtf8Prompt falls back to the plain prompt when base64 decodes to empty (0.1884ms)
Γ£ö resolveUtf8Prompt returns an empty string when nothing usable is provided (0.2323ms)
Γ£ö buildActionProposal generates safe, manager-facing next steps for financial summaries (2.5424ms)
Γ£û U0.3: get_trial_balance should use [schema].[table] quoting, not [schema.table] (6.5094ms)
Γ£û U0.4: get_account_balance should use [schema].[table] quoting (0.8791ms)
Γ£û U0.4: get_cash_bank_balance should use [schema].[table] quoting (0.7255ms)
Γ£û U2.3: get_account_balance with fiscal year filters by year (0.7003ms)
Γ£û U2.4: get_account_balance with account name and fiscal year filters by both (0.7733ms)
Γ£ö U4.4: isSalesGrowthPercentPrompt triggers for comparative multi-period without % (2.7932ms)
Γ£ö enforceEvidenceFirstContract rejects qualitative financial claims without structured evidence (7.3128ms)
Γ£ö enforceEvidenceFirstContract rejects financial answers that omit the contract sections (2.2837ms)
Γ£ö enforceEvidenceFirstContract failure response includes the Assumptions section for rejected financial claims (0.7206ms)
Γ£ö enforceEvidenceFirstContract accepts tool-backed evidence for financial claims (2.0081ms)
Γ£ö enforceEvidenceFirstContract accepts explicit no-data answers when structured evidence is present (2.9966ms)
Γ£ö enforceEvidenceFirstContract rejects numeric financial claims that are not backed by the execution trace (1.088ms)
Γ£ö H1: structured VALID_EMPTY trace (COUNT(*)=0 on POM.PurchaseInvoice) yields an honest no-records answer instead of "Cannot answer reliably" (1.1406ms)
Γ£ö H1: VALID_EMPTY trace + fabricated numeric claim is still rejected by the safety guard (0.8914ms)
Γ£ö H3: isComparativeMultiPeriodPrompt detects "┘à┘é╪º█î╪│┘ç┘ö ┘ü╪▒┘ê╪┤ 1403 ╪¿╪º 1402" without requiring percent (1.968ms)
Γ£ö H3: isComparativeMultiPeriodPrompt rejects single-year and non-financial prompts (0.8215ms)
Γ£ö H3: buildRecoveryHint emits comparative-multi-period guidance when fewer than 2 fetches succeeded (0.9326ms)
Γ£ö H3: buildRecoveryHint falls back to default hint once 2+ fetches succeeded (0.3649ms)
Γ£ö buildRecoveryHint surfaces targeted guidance for unknown objects and unsupported SQL functions (0.3809ms)
Γ£ö buildRecoveryHint nudges discovery-only runs toward an explicit financial fetch (0.3259ms)
Γ£ö buildRecoveryHint for EMPTY_RESULT suggests alternate purchase columns and tables (0.2855ms)
Γ£ö guardrail counter telemetry emits the expected counters (0.571ms)
Γ£ö buildRuntimeSystemPrompt includes schema guidance for unsupported functions, sales KPI locking, and debt mappings (2.0677ms)
Γ£ö H4: buildRuntimeSystemPrompt advertises the ACC.Voucher / ACC.VoucherItem balance mapping (1.1294ms)
Γ£ö H4: financial intent registry has a deterministic get_account_balance entry (0.358ms)
Γ£ö S1: buildRecoveryHint provides purchase data-source fallback hint (0.3632ms)
Γ£ö resolvePreferredMapping prefers voucher-style tables for purchase prompts (0.9863ms)
Γ£ö detectPromptConcepts treats purchase and sales prompts as document-oriented financial intents (3.3089ms)
Γ£ö resolvePreferredMapping prefers inventory voucher tables for inventory-receipt purchase prompts (1.7925ms)
Γ£ö S3: explainEmptyState returns NOT_EMPTY when positive data exists (0.475ms)
Γ£ö S3: explainEmptyState returns ALTERNATE_SOURCE_AVAILABLE when primary empty but alternate has data (0.2252ms)
Γ£ö S3: explainEmptyState returns EMPTY_FILTERED when table has rows but filtered scope is empty (0.2075ms)
Γ£ö S3: explainEmptyState returns EMPTY_TABLE when table has no rows at all (0.1344ms)
Γ£ö S4: financial intent registry has a deterministic get_cash_bank_balance entry (0.2855ms)
Γ£ö S4: financial intent registry has a deterministic get_trial_balance entry (0.1805ms)
Γ£û S5: validateIntentTableMatch detects purchase intent using sales table (4.379ms)
Γ£ö S5: validateIntentTableMatch allows purchase intent using purchase table (0.3731ms)
Γ£ö normalizes table references and resolves common column aliases from cached schema (1.5007ms)
Γ£ö uses the tuned loop budget constants for the capped round policy (0.3197ms)
Γ£ö builds a catalog scan query that avoids export clauses and STRING_AGG for read-only legacy SQL Server compatibility (0.6021ms)
Γ£ö builds a list database tables query with case-insensitive matching for table discovery (0.2944ms)
Γ£ö ensureFinancialQueryAllowed rejects unknown columns in catalog-backed SQL (22.4156ms)
Γ£ö readOptionalNumberArg accepts a real number argument (1.8213ms)
Γ£ö readOptionalNumberArg accepts a numeric string argument (0.3528ms)
Γ£ö readOptionalNumberArg trims numeric strings before parsing (0.2959ms)
Γ£ö readOptionalNumberArg clamps values to the configured range (10.302ms)
Γ£ö readOptionalNumberArg truncates fractional values (0.3771ms)
Γ£ö readOptionalNumberArg returns fallback for missing, null, empty, or non-numeric values (0.672ms)
Γ£ö audit log service queries entries with filters and limit (84.699ms)
Γ£ö audit log service redacts sensitive values before persisting and querying (64.4697ms)
Γ£ö connector sdk detects strongest preset with confidence normalization (27.2731ms)
Γ£ö connector sdk returns stable fingerprint for equivalent ref sets (0.5517ms)
Γ£ö connector sdk reports mapping coverage and validation hints for detected presets (0.5498ms)
Γ£ö buildMappingCoverageSummary uses selected and suggested mappings for readiness checks (0.3282ms)
Γ£ö buildMappingCoverageSummary counts selected overrides as covered concepts (0.3142ms)
Γ£ö buildConnectorReadinessSummary produces manager-style readiness metrics (0.7477ms)
Γ£ö localizeInfraErrorFa maps SQL auth error (2.1787ms)
Γ£ö localizeInfraErrorFa maps unsupported TLS protocol (0.4088ms)
Γ£ö localizeInfraErrorFa maps SSH auth failure (0.2562ms)
Γ£ö localizeChatErrorFa maps 429 provider limit (0.385ms)
Γ£ö localizeChatErrorFa maps 404 provider route/model (0.2704ms)
Γ£ö localizeChatErrorFa maps network reachability issues (0.2038ms)
Γ£ö localizeAgentFallbackMessage localizes CFO recovery states (0.6ms)
Γ£ö evaluateEvidence: positive scoped data -> POSITIVE_DATA (2.0038ms)
Γ£ö evaluateEvidence: scoped query with zero rows -> VALID_EMPTY (0.3134ms)
Γ£ö evaluateEvidence: scoped aggregate returning NULL -> VALID_EMPTY (0.1948ms)
Γ£ö evaluateEvidence: errored fetch only -> INSUFFICIENT (0.2191ms)
Γ£ö evaluateEvidence: metadata-only out-of-scope success -> INSUFFICIENT (0.2145ms)
Γ£ö evaluateEvidence: no evidence at all -> INSUFFICIENT (0.1756ms)
Γ£ö evaluateEvidence: metadata plus scoped empty fetch -> VALID_EMPTY (0.2213ms)
Γ£ö evaluateEvidence distinguishes VALID_EMPTY from INSUFFICIENT (core defect) (0.3139ms)
Γ£ö evaluateEvidence treats a non-null zero value as positive data (0.2942ms)
Γ£ö evaluateEvidence reasons carry diagnostic context (0.654ms)
Γ£ö classifyToolFailure maps the core failure kinds deterministically (1.6316ms)
Γ£ö METRIC_CATALOG contains net_sales (1.9411ms)
Γ£ö compileMetricPlan: net_sales total grain produces SUM query (1.2097ms)
Γ£ö compileMetricPlan: net_sales by_year filter adds JOIN FiscalYear and WHERE fy.Title (0.9435ms)
Γ£ö compileMetricPlan: net_sales comparison by_year produces pivot with percent_change (0.7631ms)
Γ£ö compileMetricPlan: net_sales by_year grain groups by fy.Title (0.3727ms)
Γ£ö compileMetricPlan: SQL injection attempt in entityName is escaped (0.7194ms)
Γ£ö METRIC_CATALOG contains all 5 metrics (0.2846ms)
Γ£ö compileMetricPlan: account_balance produces debit_minus_credit with requiredJoins and mandatoryFilters (0.6717ms)
Γ£ö compileMetricPlan: trial_balance produces SUM(Debit) with requiredJoins and year filter (0.4402ms)
Γ£û compileMetricPlan: purchases produces SUM(TotalPrice) from INV.InventoryReceipt with IsReturn=0 (5.4317ms)
Γ£ö compileMetricPlan: fiscal_year_count produces COUNT(*) from FMK.FiscalYear (0.5307ms)
Γ£ö compileMetricPlan: fiscal_year_list produces SELECT columns with ORDER BY and topN (0.4716ms)
Γ£ö compileMetricPlan: between operator produces BETWEEN clause (0.5898ms)
Γ£ö buildPlannerPrompt includes metric catalog and schema (4.1157ms)
Γ£ö parsePlannerOutput ΓÇö valid JSON net_sales (6.0358ms)
Γ£ö parsePlannerOutput ΓÇö valid JSON with comparison (2.0289ms)
Γ£ö parsePlannerOutput ΓÇö valid JSON with entityName (0.8072ms)
Γ£ö parsePlannerOutput ΓÇö JSON in code fence (2.351ms)
Γ£ö parsePlannerOutput ΓÇö JSON with surrounding text (1.6138ms)
Γ£ö parsePlannerOutput ΓÇö invalid JSON returns error (0.4151ms)
Γ£ö parsePlannerOutput ΓÇö schema validation fails for bad metricId (0.7752ms)
Γ£ö parsePlannerOutput ΓÇö unsupported grain for metric (1.2613ms)
Γ£ö parsePlannerOutput ΓÇö invalid year value (3-digit) (0.7466ms)
Γ£ö parsePlannerOutput ΓÇö invalid comparison year values (0.6513ms)
Γ£ö buildModelPlan ΓÇö stub model returns valid plan (0.9246ms)
Γ£ö buildModelPlan ΓÇö stub model returns garbage (0.3413ms)
Γ£ö buildModelPlan ΓÇö model call throws (0.3936ms)
Γ£ö buildModelPlan ΓÇö low confidence plan (1.7775ms)
Γ£ö PLANNER_CONFIDENCE_THRESHOLD is 0.5 (6.9773ms)
Γ£ö S10.3: parsePlannerOutput ΓÇö MultiMetricPlan with plans array (1.2816ms)
Γ£ö S10.3: parsePlannerOutput ΓÇö MultiMetricPlan comparison mode (0.3655ms)
Γ£ö S10.4: buildModelPlan ΓÇö stub model returns MultiMetricPlan (1.0221ms)
Γ£ö S10.8: buildDeterministicPlan ΓÇö no year in prompt auto-fills current Persian year (2.8248ms)
Γ£ö S10.8: buildDeterministicPlan ΓÇö explicit year takes precedence over auto-fill (1.1559ms)
Γ£ö S10.6: buildClarify ΓÇö returns question and suggestions (2.9225ms)
Γ£ö S10.6: buildClarify ΓÇö suggestions exclude the queried metric (0.7147ms)
Γ£ö S10.1: buildPlannerPrompt includes 10+ examples (0.4993ms)
Γ£ö S10.1: buildPlannerPrompt includes MultiMetricPlan schema (0.239ms)
Γ£ö S10.2: buildPlannerPrompt includes topN in schema (0.1949ms)
Γ£ö parsePlannerOutput ΓÇö completely broken JSON does not crash (0.2396ms)
Γ£ö parsePlannerOutput ΓÇö empty string returns error (0.1605ms)
Γ£ö checkReconciliations ΓÇö empty rules returns empty (9.7927ms)
Γ£ö checkReconciliations ΓÇö non_negative passes for positive value (0.4448ms)
Γ£ö checkReconciliations ΓÇö non_negative fails for negative value (0.5154ms)
Γ£ö checkReconciliations ΓÇö balanced_to_zero passes within tolerance (0.3535ms)
Γ£ö checkReconciliations ΓÇö balanced_to_zero fails outside tolerance (0.3292ms)
Γ£ö checkIntentAlignment ΓÇö matching metric passes (1.8736ms)
Γ£ö checkIntentAlignment ΓÇö mismatching metric fails (0.7621ms)
Γ£ö mapEngineResultToEvidence ΓÇö positive data (0.5184ms)
Γ£ö mapEngineResultToEvidence ΓÇö empty result (0.2572ms)
Γ£ö evaluateEngineEvidence ΓÇö positive data returns POSITIVE_DATA (0.6456ms)
Γ£ö evaluateEngineEvidence ΓÇö empty result returns VALID_EMPTY (0.2673ms)
Γ£ö verifyResult ΓÇö ok with no reconciliation rules (0.3894ms)
Γ£ö verifyResult ΓÇö fails on reconciliation (0.3288ms)
Γ£û detectFinancialIntent maps Persian fiscal-year count prompt (13.4192ms)
Γ£û detectFinancialIntent maps English fiscal-year list prompt (19.0105ms)
Γ£û detectFinancialIntent maps show-style fiscal-year list prompt (0.9086ms)
Γ£û detectFinancialIntent normalizes Persian digits (10.8075ms)
Γ£û detectFinancialIntent maps Persian fiscal-year range listing prompt (0.8826ms)
Γ£û detectFinancialIntent maps Persian account-balance prompt (0.6811ms)
Γ£û detectFinancialIntent maps Persian turnover prompt (0.7126ms)
Γ£û detectFinancialIntent maps Persian cashflow prompt (0.6703ms)
Γ£û detectFinancialIntent maps Persian account-balance synonym prompt (0.8501ms)
Γ£û detectFinancialIntent maps Persian cashflow summary prompt (1.0975ms)
Γ£û detectFinancialIntent maps Persian receivables synonym prompt (1.0455ms)
Γ£û detectFinancialIntent maps English payables synonym prompt (0.7219ms)
Γ£û detectFinancialIntent maps Persian cashflow synonym prompt (0.6396ms)
Γ£ö extractFinancialIntentSlots detects account and date-range hints (1.0918ms)
Γ£ö extractFinancialIntentSlots detects fiscal-year and period hints (0.7485ms)
Γ£ö detectFinancialIntent returns null for unrelated prompt (0.2476ms)
Γ£û listFinancialIntentDefinitions exposes roadmap intents including deterministic balance intents (1.4473ms)
Γ£û Golden 7 intents carry fast-path metadata and target scope (1.114ms)
Γ£ö listSalesKpiContracts exposes the annual sales KPI dictionary (0.3017ms)
Γ£ö detectSalesKpiContractCandidates flags ambiguous annual sales prompts (5.3131ms)
Γ£ö detectSalesKpiContractCandidates keeps explicit KPI wording precise (2.5039ms)
Γ£û detectFinancialIntent maps Persian purchase summary prompt (1.2657ms)
Γ£û get_purchase_summary intent has deterministic response mode (1.0428ms)
Γ£û get_account_balance intent has deterministic response mode and required slots (0.8216ms)
Γ£û intent definitions have correct targetTables for intent-table guard validation (12.5611ms)
Γ£ö scoreIntent sums anchor weights additively (no ratio division) (2.1305ms)
Γ£ö scoreIntent adds support weights on top of anchors (0.4912ms)
Γ£ö anchor hits clear the minimum threshold (0.4186ms)
Γ£ö exclusions cleanly drop the score to zero even when anchors match (0.474ms)
Γ£ö weighted scoring is not penalized by anchor count (ratio-bug regression) (0.7242ms)
Γ£ö scoreIntent falls back to legacy patterns as weight-1 anchors (1.0438ms)
Γ£û detectFinancialIntent (weighted default) routes a clear prompt with bounded confidence (4.5437ms)
Γ£û detectFinancialIntent routes debtor-qualified account balance phrasing with ezafe (0.9397ms)
Γ£ö detectFinancialIntent applies exclude guards end-to-end (sales returns) (0.4134ms)
Γ£û detectFinancialIntent returns the top-ranked weighted candidate (9.5581ms)
Γ£û detectFinancialIntent confidence rises with more anchor matches (0.7465ms)
Γ£ö detectFinancialIntent returns null for unrelated prompts under the weighted engine (0.2676ms)
Γ£ö GeminiClient retries transient 429 failures before succeeding (51.2213ms)
Γ£ö GeminiClient streaming path preserves Persian text without mojibake markers (7.5678ms)
Γ£ö GeminiClient surfaces localized error after retry exhaustion (3.7988ms)
Γ£û golden prompt harness recognizes fiscal-year count prompt as deterministic (8.4979ms)
Γ£ö golden prompt harness flags mismatched intent for a wrong prompt (1.2621ms)
Γ£û golden prompt harness reports stable scoring for deterministic fiscal-year prompts (2.0994ms)
Γ£ö default golden set contains a stable manager-facing suite (1.435ms)
Γ£û golden harness tracks paraphrase coverage for the same intent (1.4752ms)
Γ£û formatSummary exposes the score for CI reporting (1.9592ms)
Γ£û transition classifies an intent with no required slots (11.2514ms)
Γ£û transition emits need-slot when a required slot is absent (0.8566ms)
Γ£û transition inherits an active dateRange from conversation memory (0.5621ms)
Γ£û transition inherits fiscalYear from memory into the resolved slots (0.5978ms)
Γ£û transition flags genuine ambiguity when same-mode intents tie at the top (1.4443ms)
Γ£û transition resolves a cross-mode tie by registry order instead of flagging ambiguity (0.5777ms)
Γ£ö transition returns unroutable for an unrelated prompt (2.6567ms)
Γ£ö transition is pure: identical inputs yield identical terminal states (1.6183ms)
Γ£û golden routing: ╪«┘ä╪º╪╡┘ç ┘ü╪▒┘ê╪┤ ┘à╪º┘ç╪º┘å┘ç ╪º┘à╪│╪º┘ä (28.6254ms)
Γ£û golden routing: ┌»╪▓╪º╪▒╪┤ ┘ü╪▒┘ê╪┤ ┘ü╪╡┘ä█î (0.9744ms)
Γ£û golden routing: ┌»╪▓╪º╪▒╪┤ ╪«╪▒█î╪» ╪º█î┘å ┘ü╪╡┘ä (0.6996ms)
Γ£û golden routing: ╪▒╪│█î╪» ╪º┘å╪¿╪º╪▒ ╪º█î┘å ┘à╪º┘ç ╪▒╪º ┌»╪▓╪º╪▒╪┤ ╪¿╪»┘ç (1.3595ms)
Γ£ö golden routing: ╪¿╪▒┌»╪┤╪¬ ╪º╪▓ ┘ü╪▒┘ê╪┤ ╪│╪º┘ä █▒█┤█░█▓ (0.7215ms)
Γ£ö golden routing: ╪¿╪▒┌»╪┤╪¬ ╪º╪▓ ╪«╪▒█î╪» ╪º█î┘å ┘à╪º┘ç (0.3075ms)
Γ£û golden routing: ┌å┘å╪» ╪│╪º┘ä ┘à╪º┘ä█î ╪»╪º╪▒█î┘à╪ƒ (0.5805ms)
Γ£û golden routing: ┘ä█î╪│╪¬ ╪│╪º┘ä ┘ç╪º█î ┘à╪º┘ä█î ┘à┘ê╪¼┘ê╪» (1.9563ms)
Γ£û golden routing: ┘à╪º┘å╪»┘ç ╪¡╪│╪º╪¿ ╪╡┘å╪»┘ê┘é (0.7758ms)
Γ£û golden routing: ┘à╪º┘å╪»┘ç ╪│╪▒┘ü╪╡┘ä ┘ü╪▒┘ê╪┤ ╪▒╪º ╪¿┌»┘ê (0.6581ms)
Γ£û golden routing: ┘à╪º┘å╪»┘ç ╪¡╪│╪º╪¿ ┘ü╪▒┘ê╪┤┌»╪º┘ç ╪▒╪º ╪¿┌»┘ê (0.5598ms)
Γ£ö golden routing matches the head of the ranked weighted candidate list (0.4959ms)
Γ£û sales and purchase intents expose their declarative target tables (0.5117ms)
Γ£ö buildManagerKpiCards produces manager-ready KPI summaries from evidence (46.4646ms)
Γ£ö buildQualityDashboardCards derives quality metrics from audit entries (1.5713ms)
Γ£ö resolveAgentStatusState maps terminal CFO events to renderer states (0.4767ms)
Γ£ö buildAgentRecoverySummary keeps partial evidence actionable (0.6618ms)
Γ£ö decodePromptTransportValue preserves plain-text Persian prompts (2.0792ms)
Γ£ö decodePromptTransportValue supports JSON prompt payloads (0.4615ms)
Γ£ö decodePromptTransportValue supports base64 transport payloads (0.5733ms)
Γ£ö decodePromptTransportValue prefers base64 payloads when both prompt and promptBase64 are provided (0.4134ms)
Γ£ö decodePromptTransportValue preserves multi-word Persian prompts in JSON transport (0.3026ms)
Γ£ö encodePromptTransportBase64 round-trips the same Persian prompt (0.294ms)
Γ£ö encodePromptTransportBase64 round-trips a multi-word Persian prompt with Persian digits (0.696ms)
Γ£ö release readiness script exits cleanly in advisory mode (226.0852ms)
Γ£ö release readiness rejects placeholder update URLs (194.5265ms)
Γ£ö release readiness flags literal telemetry endpoint secrets in smoke helper scripts (163.2227ms)
Γ£ö release readiness flags hardcoded remote credentials in smoke helper scripts (165.7142ms)
Γ£ö rollback-release restores latest manifest and matching artifacts from backup (1114.0941ms)
Γ£ö detects Sepidar connector and shamsi date mode from synthetic schema (60.0721ms)
Γ£ö detects Mahak connector and fiscal period mode from synthetic schema (11.563ms)
Γ£ö keeps auto-detection while persisting manual software override (6.0928ms)
Γ£ö reuses cached catalog discovery for repeated calls within the same session (0.9451ms)
Γ£ö security regression: should not expose a raw sql:query IPC handler (15.8696ms)
[SettingsStore] safeStorage encryption is unavailable on this system. Sensitive values will be stored as plain text.
Γ£ö SettingsStore prefers ACC_SQL_* override values for SQL routing (31.7068ms)
[SettingsStore] safeStorage encryption is unavailable on this system. Sensitive values will be stored as plain text.
Γ£ö SettingsStore applies forced demo profile only when ACC_ENABLE_DEMO_PROFILE is enabled (13.6244ms)
[SettingsStore] safeStorage encryption is unavailable on this system. Sensitive values will be stored as plain text.
Γ£ö SettingsStore preserves persisted SQL settings when no demo flag or ACC_SQL_* override is set (20.1471ms)
[SettingsStore] safeStorage encryption is unavailable on this system. Sensitive values will be stored as plain text.
Γ£ö SettingsStore defaults financialEngineMode to legacy (46.793ms)
[SqlConnectionManager] SQL AST parsing failed, falling back to regex: s [SyntaxError]: Expected ",", "--", "/*", ";", "FETCH", "FOR", "GO", "LIMIT", "OFFSET", "ORDER", "UNION", [ \t\n\r], or end of input but "O" found.
    at peg$buildStructuredError (C:\home\runner\work\node-sql-parser\node-sql-parser\pegjs\transactsql.pegjs:3279:12)
    at Object.typeCase (C:\home\runner\work\node-sql-parser\node-sql-parser\pegjs\transactsql.pegjs:31348:11)
    at r.parse (C:\home\runner\work\node-sql-parser\node-sql-parser\src\parser.js:34:43)
    at r.value (C:\home\runner\work\node-sql-parser\node-sql-parser\src\parser.js:9:26)
    at SqlConnectionManager.validateReadOnlyQuery (C:\Users\Moein\Documents\Codes\ACC Assist\src\main\services\sqlConnectionManager.ts:454:34)
    at validateReadOnlyQuery (C:\Users\Moein\Documents\Codes\ACC Assist\tests\unit\sqlPolicyValidator.test.ts:13:27)
    at <anonymous> (C:\Users\Moein\Documents\Codes\ACC Assist\tests\unit\sqlPolicyValidator.test.ts:64:7)
    at getActual (node:assert:586:5)
    at strict.throws (node:assert:734:24)
    at TestContext.<anonymous> (C:\Users\Moein\Documents\Codes\ACC Assist\tests\unit\sqlPolicyValidator.test.ts:62:10) {
  expected: [
    {
      type: 'class',
      parts: [Array],
      inverted: false,
      ignoreCase: false
    },
    { type: 'literal', text: '/*', ignoreCase: false },
    { type: 'literal', text: '--', ignoreCase: false },
    { type: 'literal', text: ',', ignoreCase: false },
    {
      type: 'class',
      parts: [Array],
      inverted: false,
      ignoreCase: false
    },
    { type: 'literal', text: '/*', ignoreCase: false },
    { type: 'literal', text: '--', ignoreCase: false },
    { type: 'literal', text: 'LIMIT', ignoreCase: true },
    { type: 'literal', text: 'FETCH', ignoreCase: true },
    { type: 'literal', text: 'OFFSET', ignoreCase: true },
    {
      type: 'class',
      parts: [Array],
      inverted: false,
      ignoreCase: false
    },
    { type: 'literal', text: '/*', ignoreCase: false },
    { type: 'literal', text: '--', ignoreCase: false },
    { type: 'literal', text: 'FOR', ignoreCase: true },
    { type: 'literal', text: 'FOR', ignoreCase: true },
    {
      type: 'class',
      parts: [Array],
      inverted: false,
      ignoreCase: false
    },
    { type: 'literal', text: '/*', ignoreCase: false },
    { type: 'literal', text: '--', ignoreCase: false },
    { type: 'literal', text: 'UNION', ignoreCase: true },
    { type: 'literal', text: 'UNION', ignoreCase: true },
    {
      type: 'class',
      parts: [Array],
      inverted: false,
      ignoreCase: false
    },
    { type: 'literal', text: '/*', ignoreCase: false },
    { type: 'literal', text: '--', ignoreCase: false },
    { type: 'literal', text: 'ORDER', ignoreCase: true },
    {
      type: 'class',
      parts: [Array],
      inverted: false,
      ignoreCase: false
    },
    { type: 'literal', text: '/*', ignoreCase: false },
    { type: 'literal', text: '--', ignoreCase: false },
    { type: 'literal', text: 'LIMIT', ignoreCase: true },
    { type: 'literal', text: 'FETCH', ignoreCase: true },
    { type: 'literal', text: 'OFFSET', ignoreCase: true },
    {
      type: 'class',
      parts: [Array],
      inverted: false,
      ignoreCase: false
    },
    { type: 'literal', text: '/*', ignoreCase: false },
    { type: 'literal', text: '--', ignoreCase: false },
    { type: 'literal', text: ';', ignoreCase: false },
    {
      type: 'class',
      parts: [Array],
      inverted: false,
      ignoreCase: false
    },
    { type: 'literal', text: '/*', ignoreCase: false },
    { type: 'literal', text: '--', ignoreCase: false },
    { type: 'literal', text: ';', ignoreCase: false },
    {
      type: 'class',
      parts: [Array],
      inverted: false,
      ignoreCase: false
    },
    { type: 'literal', text: '/*', ignoreCase: false },
    { type: 'literal', text: '--', ignoreCase: false },
    {
      type: 'class',
      parts: [Array],
      inverted: false,
      ignoreCase: false
    },
    { type: 'literal', text: '/*', ignoreCase: false },
    { type: 'literal', text: '--', ignoreCase: false },
    { type: 'literal', text: 'GO', ignoreCase: true },
    { type: 'end' }
  ],
  found: 'O',
  location: {
    start: { offset: 77, line: 1, column: 78 },
    end: { offset: 78, line: 1, column: 79 }
  }
}
Γ£ö accepts aggregated SELECT without TOP (10.366ms)
Γ£ö rejects non-aggregated SELECT without TOP or pagination (1.6422ms)
Γ£ö rejects wildcard SELECT in agent-data scope (1.413ms)
Γ£ö rejects limited non-aggregated query without ORDER BY in agent-data scope (0.8599ms)
Γ£ö rejects query hints in read-only mode (134.271ms)
Γ£ö rejects SQL metadata access in agent-data scope (0.7786ms)
Γ£ö allows SQL metadata access in discovery scope (0.5418ms)
Γ£ö rejects external data source functions (1.2703ms)
Γ£ö rejects row limits beyond scope cap (0.6624ms)
Γ£ö rejects multiple SQL statements (0.6973ms)
Γ£ö accepts Golden 5 fast-path SQL without invoking the parser (0.6402ms)
Γ£ö rejects Golden 5 fast-path SQL that misses the mandatory scope filter (0.4312ms)
Γ£ö detectUnsupportedSqlFunctions rejects FORMAT and ignores YEAR/MONTH alternatives (0.4968ms)
Γ£ö telemetry ingest service can query filtered events with pagination cursors (103.5709ms)
Γ£ö telemetry ingest service preserves correlation metadata when reloading persisted events (18.785ms)
Γ£ö telemetry ingest service redacts sensitive values before persisting and flushing (71.1459ms)
Γ£ö normalizePersianText is idempotent across all samples (2.9375ms)
Γ£ö normalizePersianText folds Persian and Arabic digits to ASCII (0.453ms)
Γ£ö normalizePersianText unifies Arabic Yeh and Kaf to Persian forms (0.455ms)
Γ£ö normalizePersianText converts ZWNJ to space and collapses whitespace (0.3155ms)
Γ£ö normalizePersianText returns empty string for blank-only input (0.2602ms)
Γ£ö normalizePersianDigits folds both Persian and Arabic digits but leaves text intact (0.5224ms)
Γ£ö normalizePersianDigits is idempotent (0.5324ms)
Γ£ö UpdateManager keeps release-update status disabled when auto-update is not enabled (2.0822ms)
Γ£ö UpdateManager reports update availability and installs downloaded updates (2.4474ms)
Γ£ö summarizeConnectorValidationReadiness reports coverage and readiness for live validation (1.2815ms)
Γä╣ tests 258
Γä╣ suites 0
Γä╣ pass 208
Γä╣ fail 50
Γä╣ cancelled 0
Γä╣ skipped 0
Γä╣ todo 0
Γä╣ duration_ms 3751.6272

Γ£û failing tests:

test at tests\unit\agentOrchestratorDeterministicSql.test.ts:2:2049
Γ£û U0.3: get_trial_balance should use [schema].[table] quoting, not [schema.table] (6.5094ms)
  AssertionError [ERR_ASSERTION]: A SQL query should have been generated
      at TestContext.<anonymous> (C:\Users\Moein\Documents\Codes\ACC Assist\tests\unit\agentOrchestratorDeterministicSql.test.ts:90:10)
      at async Test.run (node:internal/test_runner/test:1113:7)
      at async startSubtestAfterBootstrap (node:internal/test_runner/harness:358:3) {
    generatedMessage: false,
    code: 'ERR_ASSERTION',
    actual: undefined,
    expected: true,
    operator: '==',
    diff: 'simple'
  }

test at tests\unit\agentOrchestratorDeterministicSql.test.ts:2:3380
Γ£û U0.4: get_account_balance should use [schema].[table] quoting (0.8791ms)
  AssertionError [ERR_ASSERTION]: A SQL query should have been generated
      at TestContext.<anonymous> (C:\Users\Moein\Documents\Codes\ACC Assist\tests\unit\agentOrchestratorDeterministicSql.test.ts:139:10)
      at async Test.run (node:internal/test_runner/test:1113:7)
      at async Test.processPendingSubtests (node:internal/test_runner/test:788:7) {
    generatedMessage: false,
    code: 'ERR_ASSERTION',
    actual: undefined,
    expected: true,
    operator: '==',
    diff: 'simple'
  }

test at tests\unit\agentOrchestratorDeterministicSql.test.ts:2:4583
Γ£û U0.4: get_cash_bank_balance should use [schema].[table] quoting (0.7255ms)
  AssertionError [ERR_ASSERTION]: SQL queries should have been generated
      at TestContext.<anonymous> (C:\Users\Moein\Documents\Codes\ACC Assist\tests\unit\agentOrchestratorDeterministicSql.test.ts:183:10)
      at async Test.run (node:internal/test_runner/test:1113:7)
      at async Test.processPendingSubtests (node:internal/test_runner/test:788:7) {
    generatedMessage: false,
    code: 'ERR_ASSERTION',
    actual: false,
    expected: true,
    operator: '==',
    diff: 'simple'
  }

test at tests\unit\agentOrchestratorDeterministicSql.test.ts:2:5932
Γ£û U2.3: get_account_balance with fiscal year filters by year (0.7003ms)
  AssertionError [ERR_ASSERTION]: A SQL query should have been generated
      at TestContext.<anonymous> (C:\Users\Moein\Documents\Codes\ACC Assist\tests\unit\agentOrchestratorDeterministicSql.test.ts:234:10)
      at async Test.run (node:internal/test_runner/test:1113:7)
      at async Test.processPendingSubtests (node:internal/test_runner/test:788:7) {
    generatedMessage: false,
    code: 'ERR_ASSERTION',
    actual: undefined,
    expected: true,
    operator: '==',
    diff: 'simple'
  }

test at tests\unit\agentOrchestratorDeterministicSql.test.ts:2:7319
Γ£û U2.4: get_account_balance with account name and fiscal year filters by both (0.7733ms)
  AssertionError [ERR_ASSERTION]: A SQL query should have been generated
      at TestContext.<anonymous> (C:\Users\Moein\Documents\Codes\ACC Assist\tests\unit\agentOrchestratorDeterministicSql.test.ts:280:10)
      at async Test.run (node:internal/test_runner/test:1113:7)
      at async Test.processPendingSubtests (node:internal/test_runner/test:788:7) {
    generatedMessage: false,
    code: 'ERR_ASSERTION',
    actual: undefined,
    expected: true,
    operator: '==',
    diff: 'simple'
  }

test at tests\unit\agentOrchestratorEvidenceContract.test.ts:2:23548
Γ£û S5: validateIntentTableMatch detects purchase intent using sales table (4.379ms)
  AssertionError [ERR_ASSERTION]: Should detect mismatch when purchase intent uses sales table
      at TestContext.<anonymous> (C:\Users\Moein\Documents\Codes\ACC Assist\tests\unit\agentOrchestratorEvidenceContract.test.ts:693:10)
      at Test.runInAsyncScope (node:async_hooks:213:14)
      at Test.run (node:internal/test_runner/test:1106:25)
      at Test.processPendingSubtests (node:internal/test_runner/test:788:18)
      at Test.postRun (node:internal/test_runner/test:1235:19)
      at Test.run (node:internal/test_runner/test:1163:12)
      at async Test.processPendingSubtests (node:internal/test_runner/test:788:7) {
    generatedMessage: false,
    code: 'ERR_ASSERTION',
    actual: null,
    expected: true,
    operator: '==',
    diff: 'simple'
  }

test at tests\unit\financialEngineCompiler.test.ts:2:8123
Γ£û compileMetricPlan: purchases produces SUM(TotalPrice) from INV.InventoryReceipt with IsReturn=0 (5.4317ms)
  AssertionError [ERR_ASSERTION]: should have SUM(TotalPrice)
      at TestContext.<anonymous> (C:\Users\Moein\Documents\Codes\ACC Assist\tests\unit\financialEngineCompiler.test.ts:208:10)
      at Test.runInAsyncScope (node:async_hooks:213:14)
      at Test.run (node:internal/test_runner/test:1106:25)
      at Test.processPendingSubtests (node:internal/test_runner/test:788:18)
      at Test.postRun (node:internal/test_runner/test:1235:19)
      at Test.run (node:internal/test_runner/test:1163:12)
      at async Test.processPendingSubtests (node:internal/test_runner/test:788:7) {
    generatedMessage: false,
    code: 'ERR_ASSERTION',
    actual: false,
    expected: true,
    operator: '==',
    diff: 'simple'
  }

test at tests\unit\financialIntentRegistry.test.ts:2:967
Γ£û detectFinancialIntent maps Persian fiscal-year count prompt (13.4192ms)
  AssertionError [ERR_ASSERTION]: The expression evaluated to a falsy value:
  
    assert.ok(result)
  
      at TestContext.<anonymous> (C:\Users\Moein\Documents\Codes\ACC Assist\tests\unit\financialIntentRegistry.test.ts:15:10)
      at Test.runInAsyncScope (node:async_hooks:213:14)
      at Test.run (node:internal/test_runner/test:1106:25)
      at Test.start (node:internal/test_runner/test:1003:17)
      at startSubtestAfterBootstrap (node:internal/test_runner/harness:358:17) {
    generatedMessage: true,
    code: 'ERR_ASSERTION',
    actual: null,
    expected: true,
    operator: '==',
    diff: 'simple'
  }

test at tests\unit\financialIntentRegistry.test.ts:2:1410
Γ£û detectFinancialIntent maps English fiscal-year list prompt (19.0105ms)
  AssertionError [ERR_ASSERTION]: The expression evaluated to a falsy value:
  
    assert.ok(result)
  
      at TestContext.<anonymous> (C:\Users\Moein\Documents\Codes\ACC Assist\tests\unit\financialIntentRegistry.test.ts:22:10)
      at Test.runInAsyncScope (node:async_hooks:213:14)
      at Test.run (node:internal/test_runner/test:1106:25)
      at Test.processPendingSubtests (node:internal/test_runner/test:788:18)
      at Test.postRun (node:internal/test_runner/test:1235:19)
      at Test.run (node:internal/test_runner/test:1163:12)
      at async startSubtestAfterBootstrap (node:internal/test_runner/harness:358:3) {
    generatedMessage: true,
    code: 'ERR_ASSERTION',
    actual: null,
    expected: true,
    operator: '==',
    diff: 'simple'
  }

test at tests\unit\financialIntentRegistry.test.ts:2:1711
Γ£û detectFinancialIntent maps show-style fiscal-year list prompt (0.9086ms)
  AssertionError [ERR_ASSERTION]: The expression evaluated to a falsy value:
  
    assert.ok(result)
  
      at TestContext.<anonymous> (C:\Users\Moein\Documents\Codes\ACC Assist\tests\unit\financialIntentRegistry.test.ts:29:10)
      at Test.runInAsyncScope (node:async_hooks:213:14)
      at Test.run (node:internal/test_runner/test:1106:25)
      at Test.processPendingSubtests (node:internal/test_runner/test:788:18)
      at Test.postRun (node:internal/test_runner/test:1235:19)
      at Test.run (node:internal/test_runner/test:1163:12)
      at async Test.processPendingSubtests (node:internal/test_runner/test:788:7) {
    generatedMessage: true,
    code: 'ERR_ASSERTION',
    actual: null,
    expected: true,
    operator: '==',
    diff: 'simple'
  }

test at tests\unit\financialIntentRegistry.test.ts:2:2029
Γ£û detectFinancialIntent normalizes Persian digits (10.8075ms)
  AssertionError [ERR_ASSERTION]: The expression evaluated to a falsy value:
  
    assert.ok(result)
  
      at TestContext.<anonymous> (C:\Users\Moein\Documents\Codes\ACC Assist\tests\unit\financialIntentRegistry.test.ts:36:10)
      at Test.runInAsyncScope (node:async_hooks:213:14)
      at Test.run (node:internal/test_runner/test:1106:25)
      at Test.processPendingSubtests (node:internal/test_runner/test:788:18)
      at Test.postRun (node:internal/test_runner/test:1235:19)
      at Test.run (node:internal/test_runner/test:1163:12)
      at async Test.processPendingSubtests (node:internal/test_runner/test:788:7) {
    generatedMessage: true,
    code: 'ERR_ASSERTION',
    actual: null,
    expected: true,
    operator: '==',
    diff: 'simple'
  }

test at tests\unit\financialIntentRegistry.test.ts:2:2460
Γ£û detectFinancialIntent maps Persian fiscal-year range listing prompt (0.8826ms)
  AssertionError [ERR_ASSERTION]: The expression evaluated to a falsy value:
  
    assert.ok(result)
  
      at TestContext.<anonymous> (C:\Users\Moein\Documents\Codes\ACC Assist\tests\unit\financialIntentRegistry.test.ts:43:10)
      at Test.runInAsyncScope (node:async_hooks:213:14)
      at Test.run (node:internal/test_runner/test:1106:25)
      at Test.processPendingSubtests (node:internal/test_runner/test:788:18)
      at Test.postRun (node:internal/test_runner/test:1235:19)
      at Test.run (node:internal/test_runner/test:1163:12)
      at async Test.processPendingSubtests (node:internal/test_runner/test:788:7) {
    generatedMessage: true,
    code: 'ERR_ASSERTION',
    actual: null,
    expected: true,
    operator: '==',
    diff: 'simple'
  }

test at tests\unit\financialIntentRegistry.test.ts:2:2973
Γ£û detectFinancialIntent maps Persian account-balance prompt (0.6811ms)
  AssertionError [ERR_ASSERTION]: The expression evaluated to a falsy value:
  
    assert.ok(result)
  
      at TestContext.<anonymous> (C:\Users\Moein\Documents\Codes\ACC Assist\tests\unit\financialIntentRegistry.test.ts:50:10)
      at Test.runInAsyncScope (node:async_hooks:213:14)
      at Test.run (node:internal/test_runner/test:1106:25)
      at Test.processPendingSubtests (node:internal/test_runner/test:788:18)
      at Test.postRun (node:internal/test_runner/test:1235:19)
      at Test.run (node:internal/test_runner/test:1163:12)
      at async Test.processPendingSubtests (node:internal/test_runner/test:788:7) {
    generatedMessage: true,
    code: 'ERR_ASSERTION',
    actual: null,
    expected: true,
    operator: '==',
    diff: 'simple'
  }

test at tests\unit\financialIntentRegistry.test.ts:2:3371
Γ£û detectFinancialIntent maps Persian turnover prompt (0.7126ms)
  AssertionError [ERR_ASSERTION]: The expression evaluated to a falsy value:
  
    assert.ok(result)
  
      at TestContext.<anonymous> (C:\Users\Moein\Documents\Codes\ACC Assist\tests\unit\financialIntentRegistry.test.ts:57:10)
      at Test.runInAsyncScope (node:async_hooks:213:14)
      at Test.run (node:internal/test_runner/test:1106:25)
      at Test.processPendingSubtests (node:internal/test_runner/test:788:18)
      at Test.postRun (node:internal/test_runner/test:1235:19)
      at Test.run (node:internal/test_runner/test:1163:12)
      at async Test.processPendingSubtests (node:internal/test_runner/test:788:7) {
    generatedMessage: true,
    code: 'ERR_ASSERTION',
    actual: null,
    expected: true,
    operator: '==',
    diff: 'simple'
  }

test at tests\unit\financialIntentRegistry.test.ts:2:3840
Γ£û detectFinancialIntent maps Persian cashflow prompt (0.6703ms)
  AssertionError [ERR_ASSERTION]: The expression evaluated to a falsy value:
  
    assert.ok(result)
  
      at TestContext.<anonymous> (C:\Users\Moein\Documents\Codes\ACC Assist\tests\unit\financialIntentRegistry.test.ts:64:10)
      at Test.runInAsyncScope (node:async_hooks:213:14)
      at Test.run (node:internal/test_runner/test:1106:25)
      at Test.processPendingSubtests (node:internal/test_runner/test:788:18)
      at Test.postRun (node:internal/test_runner/test:1235:19)
      at Test.run (node:internal/test_runner/test:1163:12)
      at async Test.processPendingSubtests (node:internal/test_runner/test:788:7) {
    generatedMessage: true,
    code: 'ERR_ASSERTION',
    actual: null,
    expected: true,
    operator: '==',
    diff: 'simple'
  }

test at tests\unit\financialIntentRegistry.test.ts:2:4245
Γ£û detectFinancialIntent maps Persian account-balance synonym prompt (0.8501ms)
  AssertionError [ERR_ASSERTION]: The expression evaluated to a falsy value:
  
    assert.ok(result)
  
      at TestContext.<anonymous> (C:\Users\Moein\Documents\Codes\ACC Assist\tests\unit\financialIntentRegistry.test.ts:71:10)
      at Test.runInAsyncScope (node:async_hooks:213:14)
      at Test.run (node:internal/test_runner/test:1106:25)
      at Test.processPendingSubtests (node:internal/test_runner/test:788:18)
      at Test.postRun (node:internal/test_runner/test:1235:19)
      at Test.run (node:internal/test_runner/test:1163:12)
      at async Test.processPendingSubtests (node:internal/test_runner/test:788:7) {
    generatedMessage: true,
    code: 'ERR_ASSERTION',
    actual: null,
    expected: true,
    operator: '==',
    diff: 'simple'
  }

test at tests\unit\financialIntentRegistry.test.ts:2:4639
Γ£û detectFinancialIntent maps Persian cashflow summary prompt (1.0975ms)
  AssertionError [ERR_ASSERTION]: The expression evaluated to a falsy value:
  
    assert.ok(result)
  
      at TestContext.<anonymous> (C:\Users\Moein\Documents\Codes\ACC Assist\tests\unit\financialIntentRegistry.test.ts:78:10)
      at Test.runInAsyncScope (node:async_hooks:213:14)
      at Test.run (node:internal/test_runner/test:1106:25)
      at Test.processPendingSubtests (node:internal/test_runner/test:788:18)
      at Test.postRun (node:internal/test_runner/test:1235:19)
      at Test.run (node:internal/test_runner/test:1163:12)
      at async Test.processPendingSubtests (node:internal/test_runner/test:788:7) {
    generatedMessage: true,
    code: 'ERR_ASSERTION',
    actual: null,
    expected: true,
    operator: '==',
    diff: 'simple'
  }

test at tests\unit\financialIntentRegistry.test.ts:2:5058
Γ£û detectFinancialIntent maps Persian receivables synonym prompt (1.0455ms)
  AssertionError [ERR_ASSERTION]: The expression evaluated to a falsy value:
  
    assert.ok(result)
  
      at TestContext.<anonymous> (C:\Users\Moein\Documents\Codes\ACC Assist\tests\unit\financialIntentRegistry.test.ts:85:10)
      at Test.runInAsyncScope (node:async_hooks:213:14)
      at Test.run (node:internal/test_runner/test:1106:25)
      at Test.processPendingSubtests (node:internal/test_runner/test:788:18)
      at Test.postRun (node:internal/test_runner/test:1235:19)
      at Test.run (node:internal/test_runner/test:1163:12)
      at async Test.processPendingSubtests (node:internal/test_runner/test:788:7) {
    generatedMessage: true,
    code: 'ERR_ASSERTION',
    actual: null,
    expected: true,
    operator: '==',
    diff: 'simple'
  }

test at tests\unit\financialIntentRegistry.test.ts:2:5526
Γ£û detectFinancialIntent maps English payables synonym prompt (0.7219ms)
  AssertionError [ERR_ASSERTION]: The expression evaluated to a falsy value:
  
    assert.ok(result)
  
      at TestContext.<anonymous> (C:\Users\Moein\Documents\Codes\ACC Assist\tests\unit\financialIntentRegistry.test.ts:92:10)
      at Test.runInAsyncScope (node:async_hooks:213:14)
      at Test.run (node:internal/test_runner/test:1106:25)
      at Test.processPendingSubtests (node:internal/test_runner/test:788:18)
      at Test.postRun (node:internal/test_runner/test:1235:19)
      at Test.run (node:internal/test_runner/test:1163:12)
      at async Test.processPendingSubtests (node:internal/test_runner/test:788:7) {
    generatedMessage: true,
    code: 'ERR_ASSERTION',
    actual: null,
    expected: true,
    operator: '==',
    diff: 'simple'
  }

test at tests\unit\financialIntentRegistry.test.ts:2:5844
Γ£û detectFinancialIntent maps Persian cashflow synonym prompt (0.6396ms)
  AssertionError [ERR_ASSERTION]: The expression evaluated to a falsy value:
  
    assert.ok(result)
  
      at TestContext.<anonymous> (C:\Users\Moein\Documents\Codes\ACC Assist\tests\unit\financialIntentRegistry.test.ts:99:10)
      at Test.runInAsyncScope (node:async_hooks:213:14)
      at Test.run (node:internal/test_runner/test:1106:25)
      at Test.processPendingSubtests (node:internal/test_runner/test:788:18)
      at Test.postRun (node:internal/test_runner/test:1235:19)
      at Test.run (node:internal/test_runner/test:1163:12)
      at async Test.processPendingSubtests (node:internal/test_runner/test:788:7) {
    generatedMessage: true,
    code: 'ERR_ASSERTION',
    actual: null,
    expected: true,
    operator: '==',
    diff: 'simple'
  }

test at tests\unit\financialIntentRegistry.test.ts:2:7476
Γ£û listFinancialIntentDefinitions exposes roadmap intents including deterministic balance intents (1.4473ms)
  AssertionError [ERR_ASSERTION]: The expression evaluated to a falsy value:
  
    assert.ok(definitions.length >= 10)
  
      at TestContext.<anonymous> (C:\Users\Moein\Documents\Codes\ACC Assist\tests\unit\financialIntentRegistry.test.ts:126:10)
      at Test.runInAsyncScope (node:async_hooks:213:14)
      at Test.run (node:internal/test_runner/test:1106:25)
      at Test.processPendingSubtests (node:internal/test_runner/test:788:18)
      at Test.postRun (node:internal/test_runner/test:1235:19)
      at Test.run (node:internal/test_runner/test:1163:12)
      at async Test.processPendingSubtests (node:internal/test_runner/test:788:7) {
    generatedMessage: true,
    code: 'ERR_ASSERTION',
    actual: false,
    expected: true,
    operator: '==',
    diff: 'simple'
  }

test at tests\unit\financialIntentRegistry.test.ts:2:8458
Γ£û Golden 7 intents carry fast-path metadata and target scope (1.114ms)
  AssertionError [ERR_ASSERTION]: Expected values to be strictly equal:
  
  0 !== 8
  
      at TestContext.<anonymous> (C:\Users\Moein\Documents\Codes\ACC Assist\tests\unit\financialIntentRegistry.test.ts:139:10)
      at Test.runInAsyncScope (node:async_hooks:213:14)
      at Test.run (node:internal/test_runner/test:1106:25)
      at Test.processPendingSubtests (node:internal/test_runner/test:788:18)
      at Test.postRun (node:internal/test_runner/test:1235:19)
      at Test.run (node:internal/test_runner/test:1163:12)
      at async Test.processPendingSubtests (node:internal/test_runner/test:788:7) {
    generatedMessage: true,
    code: 'ERR_ASSERTION',
    actual: 0,
    expected: 8,
    operator: 'strictEqual',
    diff: 'simple'
  }

test at tests\unit\financialIntentRegistry.test.ts:2:11018
Γ£û detectFinancialIntent maps Persian purchase summary prompt (1.2657ms)
  AssertionError [ERR_ASSERTION]: The expression evaluated to a falsy value:
  
    assert.ok(result)
  
      at TestContext.<anonymous> (C:\Users\Moein\Documents\Codes\ACC Assist\tests\unit\financialIntentRegistry.test.ts:176:10)
      at Test.runInAsyncScope (node:async_hooks:213:14)
      at Test.run (node:internal/test_runner/test:1106:25)
      at Test.processPendingSubtests (node:internal/test_runner/test:788:18)
      at Test.postRun (node:internal/test_runner/test:1235:19)
      at Test.run (node:internal/test_runner/test:1163:12)
      at async Test.processPendingSubtests (node:internal/test_runner/test:788:7) {
    generatedMessage: true,
    code: 'ERR_ASSERTION',
    actual: null,
    expected: true,
    operator: '==',
    diff: 'simple'
  }

test at tests\unit\financialIntentRegistry.test.ts:2:11401
Γ£û get_purchase_summary intent has deterministic response mode (1.0428ms)
  AssertionError [ERR_ASSERTION]: The expression evaluated to a falsy value:
  
    assert.ok(purchaseIntent)
  
      at TestContext.<anonymous> (C:\Users\Moein\Documents\Codes\ACC Assist\tests\unit\financialIntentRegistry.test.ts:184:10)
      at Test.runInAsyncScope (node:async_hooks:213:14)
      at Test.run (node:internal/test_runner/test:1106:25)
      at Test.processPendingSubtests (node:internal/test_runner/test:788:18)
      at Test.postRun (node:internal/test_runner/test:1235:19)
      at Test.run (node:internal/test_runner/test:1163:12)
      at async Test.processPendingSubtests (node:internal/test_runner/test:788:7) {
    generatedMessage: true,
    code: 'ERR_ASSERTION',
    actual: undefined,
    expected: true,
    operator: '==',
    diff: 'simple'
  }

test at tests\unit\financialIntentRegistry.test.ts:2:11952
Γ£û get_account_balance intent has deterministic response mode and required slots (0.8216ms)
  AssertionError [ERR_ASSERTION]: The expression evaluated to a falsy value:
  
    assert.ok(accountBalanceIntent)
  
      at TestContext.<anonymous> (C:\Users\Moein\Documents\Codes\ACC Assist\tests\unit\financialIntentRegistry.test.ts:194:10)
      at Test.runInAsyncScope (node:async_hooks:213:14)
      at Test.run (node:internal/test_runner/test:1106:25)
      at Test.processPendingSubtests (node:internal/test_runner/test:788:18)
      at Test.postRun (node:internal/test_runner/test:1235:19)
      at Test.run (node:internal/test_runner/test:1163:12)
      at async Test.processPendingSubtests (node:internal/test_runner/test:788:7) {
    generatedMessage: true,
    code: 'ERR_ASSERTION',
    actual: undefined,
    expected: true,
    operator: '==',
    diff: 'simple'
  }

test at tests\unit\financialIntentRegistry.test.ts:2:12783
Γ£û intent definitions have correct targetTables for intent-table guard validation (12.5611ms)
  AssertionError [ERR_ASSERTION]: The expression evaluated to a falsy value:
  
    assert.ok(purchaseIntent?.targetTables?.some((t) => t.includes('Purchase') || t.includes('InventoryReceipt')))
  
      at TestContext.<anonymous> (C:\Users\Moein\Documents\Codes\ACC Assist\tests\unit\financialIntentRegistry.test.ts:208:10)
      at Test.runInAsyncScope (node:async_hooks:213:14)
      at Test.run (node:internal/test_runner/test:1106:25)
      at Test.processPendingSubtests (node:internal/test_runner/test:788:18)
      at Test.postRun (node:internal/test_runner/test:1235:19)
      at Test.run (node:internal/test_runner/test:1163:12)
      at async Test.processPendingSubtests (node:internal/test_runner/test:788:7) {
    generatedMessage: true,
    code: 'ERR_ASSERTION',
    actual: undefined,
    expected: true,
    operator: '==',
    diff: 'simple'
  }

test at tests\unit\financialIntentWeightedScoring.test.ts:2:4475
Γ£û detectFinancialIntent (weighted default) routes a clear prompt with bounded confidence (4.5437ms)
  AssertionError [ERR_ASSERTION]: Expected values to be strictly equal:
  + actual - expected
  
  + undefined
  - 'get_account_balance'
  
      at TestContext.<anonymous> (C:\Users\Moein\Documents\Codes\ACC Assist\tests\unit\financialIntentWeightedScoring.test.ts:106:10)
      at Test.runInAsyncScope (node:async_hooks:213:14)
      at Test.run (node:internal/test_runner/test:1106:25)
      at Test.processPendingSubtests (node:internal/test_runner/test:788:18)
      at Test.postRun (node:internal/test_runner/test:1235:19)
      at Test.run (node:internal/test_runner/test:1163:12)
      at async Test.processPendingSubtests (node:internal/test_runner/test:788:7) {
    generatedMessage: true,
    code: 'ERR_ASSERTION',
    actual: undefined,
    expected: 'get_account_balance',
    operator: 'strictEqual',
    diff: 'simple'
  }

test at tests\unit\financialIntentWeightedScoring.test.ts:2:5009
Γ£û detectFinancialIntent routes debtor-qualified account balance phrasing with ezafe (0.9397ms)
  AssertionError [ERR_ASSERTION]: Expected values to be strictly equal:
  + actual - expected
  
  + undefined
  - 'get_account_balance'
  
      at TestContext.<anonymous> (C:\Users\Moein\Documents\Codes\ACC Assist\tests\unit\financialIntentWeightedScoring.test.ts:119:10)
      at Test.runInAsyncScope (node:async_hooks:213:14)
      at Test.run (node:internal/test_runner/test:1106:25)
      at Test.processPendingSubtests (node:internal/test_runner/test:788:18)
      at Test.postRun (node:internal/test_runner/test:1235:19)
      at Test.run (node:internal/test_runner/test:1163:12)
      at async Test.processPendingSubtests (node:internal/test_runner/test:788:7) {
    generatedMessage: true,
    code: 'ERR_ASSERTION',
    actual: undefined,
    expected: 'get_account_balance',
    operator: 'strictEqual',
    diff: 'simple'
  }

test at tests\unit\financialIntentWeightedScoring.test.ts:2:5841
Γ£û detectFinancialIntent returns the top-ranked weighted candidate (9.5581ms)
  AssertionError [ERR_ASSERTION]: The expression evaluated to a falsy value:
  
    assert.ok(candidates.length >= 1)
  
      at TestContext.<anonymous> (C:\Users\Moein\Documents\Codes\ACC Assist\tests\unit\financialIntentWeightedScoring.test.ts:134:10)
      at Test.runInAsyncScope (node:async_hooks:213:14)
      at Test.run (node:internal/test_runner/test:1106:25)
      at Test.processPendingSubtests (node:internal/test_runner/test:788:18)
      at Test.postRun (node:internal/test_runner/test:1235:19)
      at Test.run (node:internal/test_runner/test:1163:12)
      at async Test.processPendingSubtests (node:internal/test_runner/test:788:7) {
    generatedMessage: true,
    code: 'ERR_ASSERTION',
    actual: false,
    expected: true,
    operator: '==',
    diff: 'simple'
  }

test at tests\unit\financialIntentWeightedScoring.test.ts:2:6531
Γ£û detectFinancialIntent confidence rises with more anchor matches (0.7465ms)
  AssertionError [ERR_ASSERTION]: Expected values to be strictly equal:
  + actual - expected
  
  + undefined
  - 'get_receivables_summary'
  
      at TestContext.<anonymous> (C:\Users\Moein\Documents\Codes\ACC Assist\tests\unit\financialIntentWeightedScoring.test.ts:145:10)
      at Test.runInAsyncScope (node:async_hooks:213:14)
      at Test.run (node:internal/test_runner/test:1106:25)
      at Test.processPendingSubtests (node:internal/test_runner/test:788:18)
      at Test.postRun (node:internal/test_runner/test:1235:19)
      at Test.run (node:internal/test_runner/test:1163:12)
      at async Test.processPendingSubtests (node:internal/test_runner/test:788:7) {
    generatedMessage: true,
    code: 'ERR_ASSERTION',
    actual: undefined,
    expected: 'get_receivables_summary',
    operator: 'strictEqual',
    diff: 'simple'
  }

test at tests\unit\goldenPromptHarness.test.ts:2:953
Γ£û golden prompt harness recognizes fiscal-year count prompt as deterministic (8.4979ms)
  AssertionError [ERR_ASSERTION]: Expected values to be strictly equal:
  
  0 !== 1
  
      at TestContext.<anonymous> (C:\Users\Moein\Documents\Codes\ACC Assist\tests\unit\goldenPromptHarness.test.ts:17:10)
      at Test.runInAsyncScope (node:async_hooks:213:14)
      at Test.run (node:internal/test_runner/test:1106:25)
      at Test.start (node:internal/test_runner/test:1003:17)
      at startSubtestAfterBootstrap (node:internal/test_runner/harness:358:17) {
    generatedMessage: true,
    code: 'ERR_ASSERTION',
    actual: 0,
    expected: 1,
    operator: 'strictEqual',
    diff: 'simple'
  }

test at tests\unit\goldenPromptHarness.test.ts:2:2363
Γ£û golden prompt harness reports stable scoring for deterministic fiscal-year prompts (2.0994ms)
  AssertionError [ERR_ASSERTION]: Expected values to be strictly equal:
  
  0 !== 1
  
      at TestContext.<anonymous> (C:\Users\Moein\Documents\Codes\ACC Assist\tests\unit\goldenPromptHarness.test.ts:52:10)
      at Test.runInAsyncScope (node:async_hooks:213:14)
      at Test.run (node:internal/test_runner/test:1106:25)
      at Test.processPendingSubtests (node:internal/test_runner/test:788:18)
      at Test.postRun (node:internal/test_runner/test:1235:19)
      at Test.run (node:internal/test_runner/test:1163:12)
      at async Test.processPendingSubtests (node:internal/test_runner/test:788:7) {
    generatedMessage: true,
    code: 'ERR_ASSERTION',
    actual: 0,
    expected: 1,
    operator: 'strictEqual',
    diff: 'simple'
  }

test at tests\unit\goldenPromptHarness.test.ts:2:3954
Γ£û golden harness tracks paraphrase coverage for the same intent (1.4752ms)
  AssertionError [ERR_ASSERTION]: Expected values to be strictly equal:
  
  0 !== 2
  
      at TestContext.<anonymous> (C:\Users\Moein\Documents\Codes\ACC Assist\tests\unit\goldenPromptHarness.test.ts:80:10)
      at Test.runInAsyncScope (node:async_hooks:213:14)
      at Test.run (node:internal/test_runner/test:1106:25)
      at Test.processPendingSubtests (node:internal/test_runner/test:788:18)
      at Test.postRun (node:internal/test_runner/test:1235:19)
      at Test.run (node:internal/test_runner/test:1163:12)
      at async Test.processPendingSubtests (node:internal/test_runner/test:788:7) {
    generatedMessage: true,
    code: 'ERR_ASSERTION',
    actual: 0,
    expected: 2,
    operator: 'strictEqual',
    diff: 'simple'
  }

test at tests\unit\goldenPromptHarness.test.ts:2:4686
Γ£û formatSummary exposes the score for CI reporting (1.9592ms)
  AssertionError [ERR_ASSERTION]: The input did not match the regular expression /Score: 100\/100/. Input:
  
  'Golden prompt evaluation summary\n' +
    'Total: 1\n' +
    'Passed: 0\n' +
    'Failed: 1\n' +
    'Score: 25/100\n' +
    'Failures:\n' +
    "- Golden prompt 'fiscal-year-count' failed (intent, mode, tool): expected intent='count_fiscal_years' but detected='unknown'; prompt='╪»╪▒ ╪»█î╪¬╪º╪¿█î╪│ ┌å┘å╪» ╪│╪º┘ä ┘à╪º┘ä█î ┘é╪▒╪º╪▒ ╪»╪º╪▒┘ç╪ƒ'"
  
      at TestContext.<anonymous> (C:\Users\Moein\Documents\Codes\ACC Assist\tests\unit\goldenPromptHarness.test.ts:97:10)
      at Test.runInAsyncScope (node:async_hooks:213:14)
      at Test.run (node:internal/test_runner/test:1106:25)
      at Test.processPendingSubtests (node:internal/test_runner/test:788:18)
      at Test.postRun (node:internal/test_runner/test:1235:19)
      at Test.run (node:internal/test_runner/test:1163:12)
      at async Test.processPendingSubtests (node:internal/test_runner/test:788:7) {
    generatedMessage: true,
    code: 'ERR_ASSERTION',
    actual: "Golden prompt evaluation summary\nTotal: 1\nPassed: 0\nFailed: 1\nScore: 25/100\nFailures:\n- Golden prompt 'fiscal-year-count' failed (intent, mode, tool): expected intent='count_fiscal_years' but detected='unknown'; prompt='╪»╪▒ ╪»█î╪¬╪º╪¿█î╪│ ┌å┘å╪» ╪│╪º┘ä ┘à╪º┘ä█î ┘é╪▒╪º╪▒ ╪»╪º╪▒┘ç╪ƒ'",
    expected: /Score: 100\/100/,
    operator: 'match',
    diff: 'simple'
  }

test at tests\unit\intentFsm.test.ts:2:1280
Γ£û transition classifies an intent with no required slots (11.2514ms)
  AssertionError [ERR_ASSERTION]: Expected values to be strictly equal:
  + actual - expected
  
  + 'unroutable'
  - 'classified'
  
      at expectKind (C:\Users\Moein\Documents\Codes\ACC Assist\tests\unit\intentFsm.test.ts:28:10)
      at TestContext.<anonymous> (C:\Users\Moein\Documents\Codes\ACC Assist\tests\unit\intentFsm.test.ts:34:22)
      at Test.runInAsyncScope (node:async_hooks:213:14)
      at Test.run (node:internal/test_runner/test:1106:25)
      at Test.start (node:internal/test_runner/test:1003:17)
      at startSubtestAfterBootstrap (node:internal/test_runner/harness:358:17) {
    generatedMessage: true,
    code: 'ERR_ASSERTION',
    actual: 'unroutable',
    expected: 'classified',
    operator: 'strictEqual',
    diff: 'simple'
  }

test at tests\unit\intentFsm.test.ts:2:1655
Γ£û transition emits need-slot when a required slot is absent (0.8566ms)
  AssertionError [ERR_ASSERTION]: Expected values to be strictly equal:
  + actual - expected
  
  + 'unroutable'
  - 'need-slot'
  
      at expectKind (C:\Users\Moein\Documents\Codes\ACC Assist\tests\unit\intentFsm.test.ts:28:10)
      at TestContext.<anonymous> (C:\Users\Moein\Documents\Codes\ACC Assist\tests\unit\intentFsm.test.ts:41:20)
      at Test.runInAsyncScope (node:async_hooks:213:14)
      at Test.run (node:internal/test_runner/test:1106:25)
      at Test.processPendingSubtests (node:internal/test_runner/test:788:18)
      at Test.postRun (node:internal/test_runner/test:1235:19)
      at Test.run (node:internal/test_runner/test:1163:12)
      at async startSubtestAfterBootstrap (node:internal/test_runner/harness:358:3) {
    generatedMessage: true,
    code: 'ERR_ASSERTION',
    actual: 'unroutable',
    expected: 'need-slot',
    operator: 'strictEqual',
    diff: 'simple'
  }

test at tests\unit\intentFsm.test.ts:2:2038
Γ£û transition inherits an active dateRange from conversation memory (0.5621ms)
  AssertionError [ERR_ASSERTION]: Expected values to be strictly equal:
  + actual - expected
  
  + 'unroutable'
  - 'classified'
  
      at expectKind (C:\Users\Moein\Documents\Codes\ACC Assist\tests\unit\intentFsm.test.ts:28:10)
      at TestContext.<anonymous> (C:\Users\Moein\Documents\Codes\ACC Assist\tests\unit\intentFsm.test.ts:49:22)
      at Test.runInAsyncScope (node:async_hooks:213:14)
      at Test.run (node:internal/test_runner/test:1106:25)
      at Test.processPendingSubtests (node:internal/test_runner/test:788:18)
      at Test.postRun (node:internal/test_runner/test:1235:19)
      at Test.run (node:internal/test_runner/test:1163:12)
      at async Test.processPendingSubtests (node:internal/test_runner/test:788:7) {
    generatedMessage: true,
    code: 'ERR_ASSERTION',
    actual: 'unroutable',
    expected: 'classified',
    operator: 'strictEqual',
    diff: 'simple'
  }

test at tests\unit\intentFsm.test.ts:2:2488
Γ£û transition inherits fiscalYear from memory into the resolved slots (0.5978ms)
  AssertionError [ERR_ASSERTION]: Expected values to be strictly equal:
  + actual - expected
  
  + 'unroutable'
  - 'classified'
  
      at expectKind (C:\Users\Moein\Documents\Codes\ACC Assist\tests\unit\intentFsm.test.ts:28:10)
      at TestContext.<anonymous> (C:\Users\Moein\Documents\Codes\ACC Assist\tests\unit\intentFsm.test.ts:55:25)
      at Test.runInAsyncScope (node:async_hooks:213:14)
      at Test.run (node:internal/test_runner/test:1106:25)
      at Test.processPendingSubtests (node:internal/test_runner/test:788:18)
      at Test.postRun (node:internal/test_runner/test:1235:19)
      at Test.run (node:internal/test_runner/test:1163:12)
      at async Test.processPendingSubtests (node:internal/test_runner/test:788:7) {
    generatedMessage: true,
    code: 'ERR_ASSERTION',
    actual: 'unroutable',
    expected: 'classified',
    operator: 'strictEqual',
    diff: 'simple'
  }

test at tests\unit\intentFsm.test.ts:2:3324
Γ£û transition flags genuine ambiguity when same-mode intents tie at the top (1.4443ms)
  AssertionError [ERR_ASSERTION]: Expected values to be strictly equal:
  + actual - expected
  
  + 'unroutable'
  - 'ambiguous'
  
      at expectKind (C:\Users\Moein\Documents\Codes\ACC Assist\tests\unit\intentFsm.test.ts:28:10)
      at TestContext.<anonymous> (C:\Users\Moein\Documents\Codes\ACC Assist\tests\unit\intentFsm.test.ts:75:21)
      at Test.runInAsyncScope (node:async_hooks:213:14)
      at Test.run (node:internal/test_runner/test:1106:25)
      at Test.processPendingSubtests (node:internal/test_runner/test:788:18)
      at Test.postRun (node:internal/test_runner/test:1235:19)
      at Test.run (node:internal/test_runner/test:1163:12)
      at async Test.processPendingSubtests (node:internal/test_runner/test:788:7) {
    generatedMessage: true,
    code: 'ERR_ASSERTION',
    actual: 'unroutable',
    expected: 'ambiguous',
    operator: 'strictEqual',
    diff: 'simple'
  }

test at tests\unit\intentFsm.test.ts:2:3779
Γ£û transition resolves a cross-mode tie by registry order instead of flagging ambiguity (0.5777ms)
  AssertionError [ERR_ASSERTION]: Expected values to be strictly equal:
  + actual - expected
  
  + 'unroutable'
  - 'classified'
  
      at expectKind (C:\Users\Moein\Documents\Codes\ACC Assist\tests\unit\intentFsm.test.ts:28:10)
      at TestContext.<anonymous> (C:\Users\Moein\Documents\Codes\ACC Assist\tests\unit\intentFsm.test.ts:83:22)
      at Test.runInAsyncScope (node:async_hooks:213:14)
      at Test.run (node:internal/test_runner/test:1106:25)
      at Test.processPendingSubtests (node:internal/test_runner/test:788:18)
      at Test.postRun (node:internal/test_runner/test:1235:19)
      at Test.run (node:internal/test_runner/test:1163:12)
      at async Test.processPendingSubtests (node:internal/test_runner/test:788:7) {
    generatedMessage: true,
    code: 'ERR_ASSERTION',
    actual: 'unroutable',
    expected: 'classified',
    operator: 'strictEqual',
    diff: 'simple'
  }

test at tests\unit\intentRoutingGolden.test.ts:2:2722
Γ£û golden routing: ╪«┘ä╪º╪╡┘ç ┘ü╪▒┘ê╪┤ ┘à╪º┘ç╪º┘å┘ç ╪º┘à╪│╪º┘ä (28.6254ms)
  AssertionError [ERR_ASSERTION]: Expected values to be strictly equal:
  + actual - expected
  
  + null
  - 'get_sales_summary_by_period'
  
      at TestContext.<anonymous> (C:\Users\Moein\Documents\Codes\ACC Assist\tests\unit\intentRoutingGolden.test.ts:41:12)
      at Test.runInAsyncScope (node:async_hooks:213:14)
      at Test.run (node:internal/test_runner/test:1106:25)
      at Test.start (node:internal/test_runner/test:1003:17)
      at startSubtestAfterBootstrap (node:internal/test_runner/harness:358:17) {
    generatedMessage: true,
    code: 'ERR_ASSERTION',
    actual: null,
    expected: 'get_sales_summary_by_period',
    operator: 'strictEqual',
    diff: 'simple'
  }

test at tests\unit\intentRoutingGolden.test.ts:2:2722
Γ£û golden routing: ┌»╪▓╪º╪▒╪┤ ┘ü╪▒┘ê╪┤ ┘ü╪╡┘ä█î (0.9744ms)
  AssertionError [ERR_ASSERTION]: Expected values to be strictly equal:
  + actual - expected
  
  + null
  - 'get_sales_summary_by_period'
  
      at TestContext.<anonymous> (C:\Users\Moein\Documents\Codes\ACC Assist\tests\unit\intentRoutingGolden.test.ts:41:12)
      at Test.runInAsyncScope (node:async_hooks:213:14)
      at Test.run (node:internal/test_runner/test:1106:25)
      at Test.processPendingSubtests (node:internal/test_runner/test:788:18)
      at Test.postRun (node:internal/test_runner/test:1235:19)
      at Test.run (node:internal/test_runner/test:1163:12)
      at async startSubtestAfterBootstrap (node:internal/test_runner/harness:358:3) {
    generatedMessage: true,
    code: 'ERR_ASSERTION',
    actual: null,
    expected: 'get_sales_summary_by_period',
    operator: 'strictEqual',
    diff: 'simple'
  }

test at tests\unit\intentRoutingGolden.test.ts:2:2722
Γ£û golden routing: ┌»╪▓╪º╪▒╪┤ ╪«╪▒█î╪» ╪º█î┘å ┘ü╪╡┘ä (0.6996ms)
  AssertionError [ERR_ASSERTION]: Expected values to be strictly equal:
  + actual - expected
  
  + null
  - 'get_purchase_summary'
  
      at TestContext.<anonymous> (C:\Users\Moein\Documents\Codes\ACC Assist\tests\unit\intentRoutingGolden.test.ts:41:12)
      at Test.runInAsyncScope (node:async_hooks:213:14)
      at Test.run (node:internal/test_runner/test:1106:25)
      at Test.processPendingSubtests (node:internal/test_runner/test:788:18)
      at Test.postRun (node:internal/test_runner/test:1235:19)
      at Test.run (node:internal/test_runner/test:1163:12)
      at async Test.processPendingSubtests (node:internal/test_runner/test:788:7) {
    generatedMessage: true,
    code: 'ERR_ASSERTION',
    actual: null,
    expected: 'get_purchase_summary',
    operator: 'strictEqual',
    diff: 'simple'
  }

test at tests\unit\intentRoutingGolden.test.ts:2:2722
Γ£û golden routing: ╪▒╪│█î╪» ╪º┘å╪¿╪º╪▒ ╪º█î┘å ┘à╪º┘ç ╪▒╪º ┌»╪▓╪º╪▒╪┤ ╪¿╪»┘ç (1.3595ms)
  AssertionError [ERR_ASSERTION]: Expected values to be strictly equal:
  + actual - expected
  
  + null
  - 'get_purchase_summary'
  
      at TestContext.<anonymous> (C:\Users\Moein\Documents\Codes\ACC Assist\tests\unit\intentRoutingGolden.test.ts:41:12)
      at Test.runInAsyncScope (node:async_hooks:213:14)
      at Test.run (node:internal/test_runner/test:1106:25)
      at Test.processPendingSubtests (node:internal/test_runner/test:788:18)
      at Test.postRun (node:internal/test_runner/test:1235:19)
      at Test.run (node:internal/test_runner/test:1163:12)
      at async Test.processPendingSubtests (node:internal/test_runner/test:788:7) {
    generatedMessage: true,
    code: 'ERR_ASSERTION',
    actual: null,
    expected: 'get_purchase_summary',
    operator: 'strictEqual',
    diff: 'simple'
  }

test at tests\unit\intentRoutingGolden.test.ts:2:2722
Γ£û golden routing: ┌å┘å╪» ╪│╪º┘ä ┘à╪º┘ä█î ╪»╪º╪▒█î┘à╪ƒ (0.5805ms)
  AssertionError [ERR_ASSERTION]: Expected values to be strictly equal:
  + actual - expected
  
  + null
  - 'count_fiscal_years'
  
      at TestContext.<anonymous> (C:\Users\Moein\Documents\Codes\ACC Assist\tests\unit\intentRoutingGolden.test.ts:41:12)
      at Test.runInAsyncScope (node:async_hooks:213:14)
      at Test.run (node:internal/test_runner/test:1106:25)
      at Test.processPendingSubtests (node:internal/test_runner/test:788:18)
      at Test.postRun (node:internal/test_runner/test:1235:19)
      at Test.run (node:internal/test_runner/test:1163:12)
      at async Test.processPendingSubtests (node:internal/test_runner/test:788:7) {
    generatedMessage: true,
    code: 'ERR_ASSERTION',
    actual: null,
    expected: 'count_fiscal_years',
    operator: 'strictEqual',
    diff: 'simple'
  }

test at tests\unit\intentRoutingGolden.test.ts:2:2722
Γ£û golden routing: ┘ä█î╪│╪¬ ╪│╪º┘ä ┘ç╪º█î ┘à╪º┘ä█î ┘à┘ê╪¼┘ê╪» (1.9563ms)
  AssertionError [ERR_ASSERTION]: Expected values to be strictly equal:
  + actual - expected
  
  + null
  - 'list_fiscal_years'
  
      at TestContext.<anonymous> (C:\Users\Moein\Documents\Codes\ACC Assist\tests\unit\intentRoutingGolden.test.ts:41:12)
      at Test.runInAsyncScope (node:async_hooks:213:14)
      at Test.run (node:internal/test_runner/test:1106:25)
      at Test.processPendingSubtests (node:internal/test_runner/test:788:18)
      at Test.postRun (node:internal/test_runner/test:1235:19)
      at Test.run (node:internal/test_runner/test:1163:12)
      at async Test.processPendingSubtests (node:internal/test_runner/test:788:7) {
    generatedMessage: true,
    code: 'ERR_ASSERTION',
    actual: null,
    expected: 'list_fiscal_years',
    operator: 'strictEqual',
    diff: 'simple'
  }

test at tests\unit\intentRoutingGolden.test.ts:2:2722
Γ£û golden routing: ┘à╪º┘å╪»┘ç ╪¡╪│╪º╪¿ ╪╡┘å╪»┘ê┘é (0.7758ms)
  AssertionError [ERR_ASSERTION]: Expected values to be strictly equal:
  + actual - expected
  
  + null
  - 'get_account_balance'
  
      at TestContext.<anonymous> (C:\Users\Moein\Documents\Codes\ACC Assist\tests\unit\intentRoutingGolden.test.ts:41:12)
      at Test.runInAsyncScope (node:async_hooks:213:14)
      at Test.run (node:internal/test_runner/test:1106:25)
      at Test.processPendingSubtests (node:internal/test_runner/test:788:18)
      at Test.postRun (node:internal/test_runner/test:1235:19)
      at Test.run (node:internal/test_runner/test:1163:12)
      at async Test.processPendingSubtests (node:internal/test_runner/test:788:7) {
    generatedMessage: true,
    code: 'ERR_ASSERTION',
    actual: null,
    expected: 'get_account_balance',
    operator: 'strictEqual',
    diff: 'simple'
  }

test at tests\unit\intentRoutingGolden.test.ts:2:2722
Γ£û golden routing: ┘à╪º┘å╪»┘ç ╪│╪▒┘ü╪╡┘ä ┘ü╪▒┘ê╪┤ ╪▒╪º ╪¿┌»┘ê (0.6581ms)
  AssertionError [ERR_ASSERTION]: Expected values to be strictly equal:
  + actual - expected
  
  + null
  - 'get_account_balance'
  
      at TestContext.<anonymous> (C:\Users\Moein\Documents\Codes\ACC Assist\tests\unit\intentRoutingGolden.test.ts:41:12)
      at Test.runInAsyncScope (node:async_hooks:213:14)
      at Test.run (node:internal/test_runner/test:1106:25)
      at Test.processPendingSubtests (node:internal/test_runner/test:788:18)
      at Test.postRun (node:internal/test_runner/test:1235:19)
      at Test.run (node:internal/test_runner/test:1163:12)
      at async Test.processPendingSubtests (node:internal/test_runner/test:788:7) {
    generatedMessage: true,
    code: 'ERR_ASSERTION',
    actual: null,
    expected: 'get_account_balance',
    operator: 'strictEqual',
    diff: 'simple'
  }

test at tests\unit\intentRoutingGolden.test.ts:2:2722
Γ£û golden routing: ┘à╪º┘å╪»┘ç ╪¡╪│╪º╪¿ ┘ü╪▒┘ê╪┤┌»╪º┘ç ╪▒╪º ╪¿┌»┘ê (0.5598ms)
  AssertionError [ERR_ASSERTION]: Expected values to be strictly equal:
  + actual - expected
  
  + null
  - 'get_account_balance'
  
      at TestContext.<anonymous> (C:\Users\Moein\Documents\Codes\ACC Assist\tests\unit\intentRoutingGolden.test.ts:41:12)
      at Test.runInAsyncScope (node:async_hooks:213:14)
      at Test.run (node:internal/test_runner/test:1106:25)
      at Test.processPendingSubtests (node:internal/test_runner/test:788:18)
      at Test.postRun (node:internal/test_runner/test:1235:19)
      at Test.run (node:internal/test_runner/test:1163:12)
      at async Test.processPendingSubtests (node:internal/test_runner/test:788:7) {
    generatedMessage: true,
    code: 'ERR_ASSERTION',
    actual: null,
    expected: 'get_account_balance',
    operator: 'strictEqual',
    diff: 'simple'
  }

test at tests\unit\intentRoutingGolden.test.ts:2:3323
Γ£û sales and purchase intents expose their declarative target tables (0.5117ms)
  AssertionError [ERR_ASSERTION]: Expected values to be strictly equal:
  + actual - expected
  
  + undefined
  - 'get_sales_summary_by_period'
  
      at TestContext.<anonymous> (C:\Users\Moein\Documents\Codes\ACC Assist\tests\unit\intentRoutingGolden.test.ts:58:10)
      at Test.runInAsyncScope (node:async_hooks:213:14)
      at Test.run (node:internal/test_runner/test:1106:25)
      at Test.processPendingSubtests (node:internal/test_runner/test:788:18)
      at Test.postRun (node:internal/test_runner/test:1235:19)
      at Test.run (node:internal/test_runner/test:1163:12)
      at async Test.processPendingSubtests (node:internal/test_runner/test:788:7) {
    generatedMessage: true,
    code: 'ERR_ASSERTION',
    actual: undefined,
    expected: 'get_sales_summary_by_period',
    operator: 'strictEqual',
    diff: 'simple'
  }
